Component: Arm Compiler for Embedded 6.21 Tool: armlink [5ec1fa00]

==============================================================================

Section Cross References

    adxl345.o(.text.ADXL345_Init) refers to i2c.o(.text.i2c_init) for i2c_init
    adxl345.o(.text.ADXL345_Init) refers to adxl345.o(.text.ADXL345_WriteReg) for ADXL345_WriteReg
    adxl345.o(.ARM.exidx.text.ADXL345_Init) refers to adxl345.o(.text.ADXL345_Init) for [Anonymous Symbol]
    adxl345.o(.text.ADXL345_WriteReg) refers to i2c.o(.text.i2c_start) for i2c_start
    adxl345.o(.text.ADXL345_WriteReg) refers to i2c.o(.text.i2c_add) for i2c_add
    adxl345.o(.text.ADXL345_WriteReg) refers to i2c.o(.text.i2c_data) for i2c_data
    adxl345.o(.text.ADXL345_WriteReg) refers to i2c.o(.text.i2c_stop) for i2c_stop
    adxl345.o(.ARM.exidx.text.ADXL345_WriteReg) refers to adxl345.o(.text.ADXL345_WriteReg) for [Anonymous Symbol]
    adxl345.o(.text.ADXL345_ReadXYZ) refers to adxl345.o(.text.ADXL345_ReadReg) for ADXL345_ReadReg
    adxl345.o(.text.ADXL345_ReadXYZ) refers to dflt_clz.o(x$fpl$dflt) for __aeabi_i2d
    adxl345.o(.text.ADXL345_ReadXYZ) refers to ddiv.o(x$fpl$ddiv) for __aeabi_ddiv
    adxl345.o(.text.ADXL345_ReadXYZ) refers to dmul.o(x$fpl$dmul) for __aeabi_dmul
    adxl345.o(.text.ADXL345_ReadXYZ) refers to d2f.o(x$fpl$d2f) for __aeabi_d2f
    adxl345.o(.text.ADXL345_ReadXYZ) refers to adxl345.o(.data.alpha) for alpha
    adxl345.o(.text.ADXL345_ReadXYZ) refers to faddsub_clz.o(x$fpl$fsub) for __aeabi_fsub
    adxl345.o(.text.ADXL345_ReadXYZ) refers to fmul.o(x$fpl$fmul) for __aeabi_fmul
    adxl345.o(.text.ADXL345_ReadXYZ) refers to faddsub_clz.o(x$fpl$fadd) for __aeabi_fadd
    adxl345.o(.ARM.exidx.text.ADXL345_ReadXYZ) refers to adxl345.o(.text.ADXL345_ReadXYZ) for [Anonymous Symbol]
    adxl345.o(.text.ADXL345_ReadReg) refers to i2c.o(.text.i2c_start) for i2c_start
    adxl345.o(.text.ADXL345_ReadReg) refers to i2c.o(.text.i2c_add) for i2c_add
    adxl345.o(.text.ADXL345_ReadReg) refers to i2c.o(.text.i2c_data) for i2c_data
    adxl345.o(.text.ADXL345_ReadReg) refers to i2c.o(.text.i2c_read) for i2c_read
    adxl345.o(.text.ADXL345_ReadReg) refers to i2c.o(.text.i2c_stop) for i2c_stop
    adxl345.o(.ARM.exidx.text.ADXL345_ReadReg) refers to adxl345.o(.text.ADXL345_ReadReg) for [Anonymous Symbol]
    gpio.o(.ARM.exidx.text.gpio_init) refers to gpio.o(.text.gpio_init) for [Anonymous Symbol]
    gpio.o(.ARM.exidx.text.gpio_write) refers to gpio.o(.text.gpio_write) for [Anonymous Symbol]
    gpio.o(.ARM.exidx.text.gpio_read) refers to gpio.o(.text.gpio_read) for [Anonymous Symbol]
    i2c.o(.text.i2c_init) refers to gpio.o(.text.gpio_init) for gpio_init
    i2c.o(.ARM.exidx.text.i2c_init) refers to i2c.o(.text.i2c_init) for [Anonymous Symbol]
    i2c.o(.ARM.exidx.text.i2c_start) refers to i2c.o(.text.i2c_start) for [Anonymous Symbol]
    i2c.o(.ARM.exidx.text.i2c_add) refers to i2c.o(.text.i2c_add) for [Anonymous Symbol]
    i2c.o(.ARM.exidx.text.i2c_data) refers to i2c.o(.text.i2c_data) for [Anonymous Symbol]
    i2c.o(.ARM.exidx.text.i2c_stop) refers to i2c.o(.text.i2c_stop) for [Anonymous Symbol]
    i2c.o(.text.i2c_write) refers to i2c.o(.text.i2c_start) for i2c_start
    i2c.o(.text.i2c_write) refers to i2c.o(.text.i2c_add) for i2c_add
    i2c.o(.text.i2c_write) refers to i2c.o(.text.i2c_data) for i2c_data
    i2c.o(.text.i2c_write) refers to i2c.o(.text.i2c_stop) for i2c_stop
    i2c.o(.ARM.exidx.text.i2c_write) refers to i2c.o(.text.i2c_write) for [Anonymous Symbol]
    i2c.o(.ARM.exidx.text.i2c_read) refers to i2c.o(.text.i2c_read) for [Anonymous Symbol]
    main.o(.text.SystemClock_Config) refers to system_stm32f10x.o(.text.SystemCoreClockUpdate) for SystemCoreClockUpdate
    main.o(.ARM.exidx.text.SystemClock_Config) refers to main.o(.text.SystemClock_Config) for [Anonymous Symbol]
    main.o(.text.init_gpio) refers to gpio.o(.text.gpio_init) for gpio_init
    main.o(.text.init_gpio) refers to gpio.o(.text.gpio_write) for gpio_write
    main.o(.text.init_gpio) refers to main.o(.text.__NVIC_EnableIRQ) for __NVIC_EnableIRQ
    main.o(.text.init_gpio) refers to main.o(.text.__NVIC_SetPriority) for __NVIC_SetPriority
    main.o(.ARM.exidx.text.init_gpio) refers to main.o(.text.init_gpio) for [Anonymous Symbol]
    main.o(.ARM.exidx.text.__NVIC_EnableIRQ) refers to main.o(.text.__NVIC_EnableIRQ) for [Anonymous Symbol]
    main.o(.ARM.exidx.text.__NVIC_SetPriority) refers to main.o(.text.__NVIC_SetPriority) for [Anonymous Symbol]
    main.o(.text.EXTI0_IRQHandler) refers to gpio.o(.text.gpio_read) for gpio_read
    main.o(.text.EXTI0_IRQHandler) refers to main.o(.data.trangthai) for trangthai
    main.o(.text.EXTI0_IRQHandler) refers to main.o(.bss.nga) for nga
    main.o(.ARM.exidx.text.EXTI0_IRQHandler) refers to main.o(.text.EXTI0_IRQHandler) for [Anonymous Symbol]
    main.o(.text.EXTI1_IRQHandler) refers to main.o(.bss.nga) for nga
    main.o(.text.EXTI1_IRQHandler) refers to main.o(.text.init_gpio) for init_gpio
[...]
    dcheck1.o(x$fpl$dcheck1) refers to retnan.o(x$fpl$retnan) for __fpl_return_NaN
    dcmpi.o(x$fpl$dcmpinf) refers (Special) to usenofp.o(x$fpl$usenofp) for __I$use$fp
    libspace.o(.text) refers to libspace.o(.bss) for __libspace_start
    sys_stackheap_outer.o(.text) refers to libspace.o(.text) for __user_perproc_libspace
    sys_stackheap_outer.o(.text) refers to startup_stm32f10x_md.o(.text) for __user_initial_stackheap
    exit.o(.text) refers to rtexit.o(.ARM.Collect$$rtexit$$00000000) for __rt_exit
    libinit.o(.ARM.Collect$$libinit$$00000000) refers (Special) to libinit2.o(.ARM.Collect$$libinit$$00000030) for __rt_lib_init_alloca_1
    libinit.o(.ARM.Collect$$libinit$$00000000) refers (Special) to libinit2.o(.ARM.Collect$$libinit$$0000002E) for __rt_lib_init_argv_1
    libinit.o(.ARM.Collect$$libinit$$00000000) refers (Special) to libinit2.o(.ARM.Collect$$libinit$$0000001D) for __rt_lib_init_atexit_1
    libinit.o(.ARM.Collect$$libinit$$00000000) refers (Special) to libinit2.o(.ARM.Collect$$libinit$$00000023) for __rt_lib_init_clock_1
    libinit.o(.ARM.Collect$$libinit$$00000000) refers (Special) to libinit2.o(.ARM.Collect$$libinit$$00000034) for __rt_lib_init_cpp_1
    libinit.o(.ARM.Collect$$libinit$$00000000) refers (Special) to libinit2.o(.ARM.Collect$$libinit$$00000032) for __rt_lib_init_exceptions_1
    libinit.o(.ARM.Collect$$libinit$$00000000) refers (Special) to libinit2.o(.ARM.Collect$$libinit$$00000002) for __rt_lib_init_fp_1
    libinit.o(.ARM.Collect$$libinit$$00000000) refers (Special) to libinit2.o(.ARM.Collect$$libinit$$00000021) for __rt_lib_init_fp_trap_1
    libinit.o(.ARM.Collect$$libinit$$00000000) refers (Special) to libinit2.o(.ARM.Collect$$libinit$$00000025) for __rt_lib_init_getenv_1
    libinit.o(.ARM.Collect$$libinit$$00000000) refers (Special) to libinit2.o(.ARM.Collect$$libinit$$0000000C) for __rt_lib_init_heap_1
    libinit.o(.ARM.Collect$$libinit$$00000000) refers (Special) to libinit2.o(.ARM.Collect$$libinit$$00000013) for __rt_lib_init_lc_collate_1
    libinit.o(.ARM.Collect$$libinit$$00000000) refers (Special) to libinit2.o(.ARM.Collect$$libinit$$00000015) for __rt_lib_init_lc_ctype_1
    libinit.o(.ARM.Collect$$libinit$$00000000) refers (Special) to libinit2.o(.ARM.Collect$$libinit$$00000017) for __rt_lib_init_lc_monetary_1
    libinit.o(.ARM.Collect$$libinit$$00000000) refers (Special) to libinit2.o(.ARM.Collect$$libinit$$00000019) for __rt_lib_init_lc_numeric_1
    libinit.o(.ARM.Collect$$libinit$$00000000) refers (Special) to libinit2.o(.ARM.Collect$$libinit$$0000001B) for __rt_lib_init_lc_time_1
    libinit.o(.ARM.Collect$$libinit$$00000000) refers (Special) to libinit2.o(.ARM.Collect$$libinit$$00000006) for __rt_lib_init_preinit_1
    libinit.o(.ARM.Collect$$libinit$$00000000) refers (Special) to libinit2.o(.ARM.Collect$$libinit$$00000010) for __rt_lib_init_rand_1
    libinit.o(.ARM.Collect$$libinit$$00000000) refers (Special) to libinit2.o(.ARM.Collect$$libinit$$00000004) for __rt_lib_init_relocate_pie_1
    libinit.o(.ARM.Collect$$libinit$$00000000) refers (Special) to libinit2.o(.ARM.Collect$$libinit$$00000035) for __rt_lib_init_return
    libinit.o(.ARM.Collect$$libinit$$00000000) refers (Special) to libinit2.o(.ARM.Collect$$libinit$$0000001F) for __rt_lib_init_signal_1
    libinit.o(.ARM.Collect$$libinit$$00000000) refers (Special) to libinit2.o(.ARM.Collect$$libinit$$00000027) for __rt_lib_init_stdio_1
    libinit.o(.ARM.Collect$$libinit$$00000000) refers (Special) to libinit2.o(.ARM.Collect$$libinit$$0000000E) for __rt_lib_init_user_alloc_1
    retnan.o(x$fpl$retnan) refers (Special) to usenofp.o(x$fpl$usenofp) for __I$use$fp
    retnan.o(x$fpl$retnan) refers to trapv.o(x$fpl$trapveneer) for __fpl_cmpreturn
    rtexit.o(.ARM.Collect$$rtexit$$00000000) refers (Special) to rtexit2.o(.ARM.Collect$$rtexit$$00000004) for __rt_exit_exit
    rtexit.o(.ARM.Collect$$rtexit$$00000000) refers (Special) to rtexit2.o(.ARM.Collect$$rtexit$$00000003) for __rt_exit_ls
    rtexit.o(.ARM.Collect$$rtexit$$00000000) refers (Special) to rtexit2.o(.ARM.Collect$$rtexit$$00000002) for __rt_exit_prels_1
    rtexit.o(.ARM.exidx) refers (Special) to rtexit2.o(.ARM.Collect$$rtexit$$00000004) for __rt_exit_exit
    rtexit.o(.ARM.exidx) refers (Special) to rtexit2.o(.ARM.Collect$$rtexit$$00000003) for __rt_exit_ls
    rtexit.o(.ARM.exidx) refers (Special) to rtexit2.o(.ARM.Collect$$rtexit$$00000002) for __rt_exit_prels_1
    rtexit.o(.ARM.exidx) refers to rtexit.o(.ARM.Collect$$rtexit$$00000000) for .ARM.Collect$$rtexit$$00000000
    libinit2.o(.ARM.Collect$$libinit$$00000012) refers to libinit2.o(.ARM.Collect$$libinit$$00000011) for .ARM.Collect$$libinit$$00000011
    libinit2.o(.ARM.Collect$$libinit$$00000014) refers to libinit2.o(.ARM.Collect$$libinit$$00000011) for .ARM.Collect$$libinit$$00000011
    libinit2.o(.ARM.Collect$$libinit$$00000016) refers to libinit2.o(.ARM.Collect$$libinit$$00000011) for .ARM.Collect$$libinit$$00000011
    libinit2.o(.ARM.Collect$$libinit$$00000018) refers to libinit2.o(.ARM.Collect$$libinit$$00000011) for .ARM.Collect$$libinit$$00000011
    libinit2.o(.ARM.Collect$$libinit$$0000001A) refers to libinit2.o(.ARM.Collect$$libinit$$00000011) for .ARM.Collect$$libinit$$00000011
    libinit2.o(.ARM.Collect$$libinit$$00000028) refers to argv_veneer.o(.emb_text) for __ARM_argv_veneer
    libinit2.o(.ARM.Collect$$libinit$$00000029) refers to argv_veneer.o(.emb_text) for __ARM_argv_veneer
    trapv.o(x$fpl$trapveneer) refers (Special) to usenofp.o(x$fpl$usenofp) for __I$use$fp
    rtexit2.o(.ARM.Collect$$rtexit$$00000003) refers to libshutdown.o(.ARM.Collect$$libshutdown$$00000000) for __rt_lib_shutdown
    rtexit2.o(.ARM.Collect$$rtexit$$00000004) refers to sys_exit.o(.text) for _sys_exit
    rtexit2.o(.ARM.exidx) refers to rtexit2.o(.ARM.Collect$$rtexit$$00000001) for .ARM.Collect$$rtexit$$00000001
    rtexit2.o(.ARM.exidx) refers to rtexit2.o(.ARM.Collect$$rtexit$$00000003) for .ARM.Collect$$rtexit$$00000003
    rtexit2.o(.ARM.exidx) refers to rtexit2.o(.ARM.Collect$$rtexit$$00000004) for .ARM.Collect$$rtexit$$00000004
    argv_veneer.o(.emb_text) refers to no_argv.o(.text) for __ARM_get_argv
    sys_exit.o(.text) refers (Special) to use_no_semi.o(.text) for __I$use$semihosting
    sys_exit.o(.text) refers (Special) to indicate_semi.o(.text) for __semihosting_library_function
    sys_exit_hlt.o(.text) refers (Special) to use_no_semi.o(.text) for __I$use$semihosting
    sys_exit_hlt.o(.text) refers (Special) to indicate_semi.o(.text) for __semihosting_library_function
    _get_argv_nomalloc.o(.text) refers (Special) to hrguard.o(.text) for __heap_region$guard
    _get_argv_nomalloc.o(.text) refers to defsig_rtmem_outer.o(.text) for __rt_SIGRTMEM
    _get_argv_nomalloc.o(.text) refers to sys_command.o(.text) for _sys_command_string
    libshutdown.o(.ARM.Collect$$libshutdown$$00000000) refers (Special) to libshutdown2.o(.ARM.Collect$$libshutdown$$00000002) for __rt_lib_shutdown_cpp_1
    libshutdown.o(.ARM.Collect$$libshutdown$$00000000) refers (Special) to libshutdown2.o(.ARM.Collect$$libshutdown$$00000007) for __rt_lib_shutdown_fp_trap_1
    libshutdown.o(.ARM.Collect$$libshutdown$$00000000) refers (Special) to libshutdown2.o(.ARM.Collect$$libshutdown$$0000000F) for __rt_lib_shutdown_heap_1
    libshutdown.o(.ARM.Collect$$libshutdown$$00000000) refers (Special) to libshutdown2.o(.ARM.Collect$$libshutdown$$00000010) for __rt_lib_shutdown_return
    libshutdown.o(.ARM.Collect$$libshutdown$$00000000) refers (Special) to libshutdown2.o(.ARM.Collect$$libshutdown$$0000000A) for __rt_lib_shutdown_signal_1
    libshutdown.o(.ARM.Collect$$libshutdown$$00000000) refers (Special) to libshutdown2.o(.ARM.Collect$$libshutdown$$00000004) for __rt_lib_shutdown_stdio_1
    libshutdown.o(.ARM.Collect$$libshutdown$$00000000) refers (Special) to libshutdown2.o(.ARM.Collect$$libshutdown$$0000000C) for __rt_lib_shutdown_user_alloc_1
    sys_command.o(.text) refers (Special) to use_no_semi.o(.text) for __I$use$semihosting
    sys_command.o(.text) refers (Special) to indicate_semi.o(.text) for __semihosting_library_function
    sys_command_hlt.o(.text) refers (Special) to use_no_semi.o(.text) for __I$use$semihosting
    sys_command_hlt.o(.text) refers (Special) to indicate_semi.o(.text) for __semihosting_library_function
    defsig_rtmem_outer.o(.text) refers to defsig_rtmem_inner.o(.text) for __rt_SIGRTMEM_inner
    defsig_rtmem_outer.o(.text) refers to defsig_exit.o(.text) for __sig_exit
    defsig_rtmem_formal.o(.text) refers to rt_raise.o(.text) for __rt_raise
    rt_raise.o(.text) refers to __raise.o(.text) for __raise
    rt_raise.o(.text) refers to sys_exit.o(.text) for _sys_exit
    defsig_exit.o(.text) refers to sys_exit.o(.text) for _sys_exit
    defsig_rtmem_inner.o(.text) refers to defsig_general.o(.text) for __default_signal_display
    __raise.o(.text) refers to defsig.o(CL$$defsig) for __default_signal_handler
    defsig_general.o(.text) refers to sys_wrch.o(.text) for _ttywrch
    sys_wrch.o(.text) refers (Special) to use_no_semi.o(.text) for __I$use$semihosting
    sys_wrch.o(.text) refers (Special) to indicate_semi.o(.text) for __semihosting_library_function
    sys_wrch_hlt.o(.text) refers (Special) to use_no_semi.o(.text) for __I$use$semihosting
    sys_wrch_hlt.o(.text) refers (Special) to indicate_semi.o(.text) for __semihosting_library_function
    defsig.o(CL$$defsig) refers to defsig_rtmem_inner.o(.text) for __rt_SIGRTMEM_inner
    defsig_abrt_inner.o(.text) refers to defsig_general.o(.text) for __default_signal_display
    defsig_fpe_inner.o(.text) refers to defsig_general.o(.text) for __default_signal_display
    defsig_rtred_inner.o(.text) refers to defsig_general.o(.text) for __default_signal_display
    defsig_stak_inner.o(.text) refers to defsig_general.o(.text) for __default_signal_display
    defsig_pvfn_inner.o(.text) refers to defsig_general.o(.text) for __default_signal_display
    defsig_cppl_inner.o(.text) refers to defsig_general.o(.text) for __default_signal_display
    defsig_segv_inner.o(.text) refers to defsig_general.o(.text) for __default_signal_display
    defsig_other.o(.text) refers to defsig_general.o(.text) for __default_signal_display


==============================================================================

Removing Unused input sections from the image.

    Removing adxl345.o(.text), (0 bytes).
    Removing adxl345.o(.ARM.exidx.text.ADXL345_Init), (8 bytes).
    Removing adxl345.o(.ARM.exidx.text.ADXL345_WriteReg), (8 bytes).
    Removing adxl345.o(.ARM.exidx.text.ADXL345_ReadXYZ), (8 bytes).
    Removing adxl345.o(.ARM.exidx.text.ADXL345_ReadReg), (8 bytes).
    Removing gpio.o(.text), (0 bytes).
    Removing gpio.o(.ARM.exidx.text.gpio_init), (8 bytes).
    Removing gpio.o(.ARM.exidx.text.gpio_write), (8 bytes).
    Removing gpio.o(.ARM.exidx.text.gpio_read), (8 bytes).
    Removing i2c.o(.text), (0 bytes).
    Removing i2c.o(.ARM.exidx.text.i2c_init), (8 bytes).
    Removing i2c.o(.ARM.exidx.text.i2c_start), (8 bytes).
    Removing i2c.o(.ARM.exidx.text.i2c_add), (8 bytes).
    Removing i2c.o(.ARM.exidx.text.i2c_data), (8 bytes).
    Removing i2c.o(.ARM.exidx.text.i2c_stop), (8 bytes).
    Removing i2c.o(.text.i2c_write), (90 bytes).
    Removing i2c.o(.ARM.exidx.text.i2c_write), (8 bytes).
    Removing i2c.o(.ARM.exidx.text.i2c_read), (8 bytes).
    Removing main.o(.text), (0 bytes).
    Removing main.o(.ARM.exidx.text.SystemClock_Config), (8 bytes).
    Removing main.o(.ARM.exidx.text.init_gpio), (8 bytes).
    Removing main.o(.ARM.exidx.text.__NVIC_EnableIRQ), (8 bytes).
    Removing main.o(.ARM.exidx.text.__NVIC_SetPriority), (8 bytes).
    Removing main.o(.ARM.exidx.text.EXTI0_IRQHandler), (8 bytes).
    Removing main.o(.ARM.exidx.text.EXTI1_IRQHandler), (8 bytes).
    Removing main.o(.ARM.exidx.text.toggle_LED_Red), (8 bytes).
    Removing main.o(.ARM.exidx.text.toggle_LED_Green), (8 bytes).
    Removing main.o(.ARM.exidx.text.TIM4_IRQHandler), (8 bytes).
    Removing main.o(.ARM.exidx.text.TIM3_IRQHandler), (8 bytes).
    Removing main.o(.ARM.exidx.text.main), (8 bytes).
    Removing main.o(.ARM.use_no_argv), (4 bytes).
    Removing systick.o(.text), (0 bytes).
    Removing systick.o(.ARM.exidx.text.SysTick_Handler), (8 bytes).
    Removing systick.o(.ARM.exidx.text.get_tick), (8 bytes).
    Removing systick.o(.ARM.exidx.text.systick_init), (8 bytes).
    Removing systick.o(.ARM.exidx.text.__NVIC_SetPriority), (8 bytes).
    Removing systick.o(.ARM.exidx.text.__NVIC_EnableIRQ), (8 bytes).
    Removing systick.o(.ARM.exidx.text.delay_us), (8 bytes).
    Removing systick.o(.ARM.exidx.text.delay_ms), (8 bytes).
    Removing i2c_lcd.o(.text), (0 bytes).
    Removing i2c_lcd.o(.ARM.exidx.text.add_slave), (8 bytes).
    Removing i2c_lcd.o(.ARM.exidx.text.trans_slave), (8 bytes).
    Removing i2c_lcd.o(.ARM.exidx.text.lcd_i2c_data), (8 bytes).
    Removing i2c_lcd.o(.ARM.exidx.text.lcd_i2c_cmd), (8 bytes).
    Removing i2c_lcd.o(.ARM.exidx.text.lcd_i2c_init), (8 bytes).
    Removing i2c_lcd.o(.ARM.exidx.text.lcd_i2c_send), (8 bytes).
    Removing i2c_lcd.o(.ARM.exidx.text.lcd_i2c_msg), (8 bytes).
    Removing timer.o(.text), (0 bytes).
    Removing timer.o(.ARM.exidx.text.timer_init), (8 bytes).
    Removing timer.o(.ARM.exidx.text.__NVIC_EnableIRQ), (8 bytes).
    Removing timer.o(.ARM.exidx.text.__NVIC_SetPriority), (8 bytes).
    Removing system_stm32f10x.o(.text), (0 bytes).
    Removing system_stm32f10x.o(.ARM.exidx.text.SystemInit), (8 bytes).
    Removing system_stm32f10x.o(.ARM.exidx.text.SetSysClock), (8 bytes).
    Removing system_stm32f10x.o(.ARM.exidx.text.SystemCoreClockUpdate), (8 bytes).
    Removing system_stm32f10x.o(.ARM.exidx.text.SetSysClockTo72), (8 bytes).

56 unused section(s) (total 462 bytes) removed from the image.

==============================================================================

Image Symbol Table

    Local Symbols

    Symbol Name                              Value     Ov Type        Size  Object(Section)

    ../clib/angel/boardlib.s                 0x00000000   Number         0  boardinit1.o ABSOLUTE
    ../clib/angel/boardlib.s                 0x00000000   Number         0  boardinit2.o ABSOLUTE
    ../clib/angel/boardlib.s                 0x00000000   Number         0  boardinit3.o ABSOLUTE
    ../clib/angel/boardlib.s                 0x00000000   Number         0  boardshut.o ABSOLUTE
    ../clib/angel/handlers.s                 0x00000000   Number         0  __scatter_copy.o ABSOLUTE
    ../clib/angel/handlers.s                 0x00000000   Number         0  __scatter_zi.o ABSOLUTE
    ../clib/angel/kernel.s                   0x00000000   Number         0  __rtentry.o ABSOLUTE
    ../clib/angel/kernel.s                   0x00000000   Number         0  __rtentry2.o ABSOLUTE
    ../clib/angel/kernel.s                   0x00000000   Number         0  __rtentry4.o ABSOLUTE
    ../clib/angel/kernel.s                   0x00000000   Number         0  rtexit.o ABSOLUTE
    ../clib/angel/kernel.s                   0x00000000   Number         0  rtexit2.o ABSOLUTE
    ../clib/angel/rt.s                       0x00000000   Number         0  rt_errno_addr.o ABSOLUTE
    ../clib/angel/rt.s                       0x00000000   Number         0  rt_errno_addr_intlibspace.o ABSOLUTE
    ../clib/angel/rt.s                       0x00000000   Number         0  rt_raise.o ABSOLUTE
    ../clib/angel/scatter.s                  0x00000000   Number         0  __scatter.o ABSOLUTE
    ../clib/angel/startup.s                  0x00000000   Number         0  __main.o ABSOLUTE
    ../clib/angel/sys.s                      0x00000000   Number         0  libspace.o ABSOLUTE
    ../clib/angel/sys.s                      0x00000000   Number         0  sys_stackheap_outer.o ABSOLUTE
    ../clib/angel/sys.s                      0x00000000   Number         0  use_no_semi.o ABSOLUTE
    ../clib/angel/sys.s                      0x00000000   Number         0  indicate_semi.o ABSOLUTE
    ../clib/angel/sysapp.c                   0x00000000   Number         0  sys_exit.o ABSOLUTE
    ../clib/angel/sysapp.c                   0x00000000   Number         0  sys_exit_hlt.o ABSOLUTE
    ../clib/angel/sysapp.c                   0x00000000   Number         0  sys_command.o ABSOLUTE
    ../clib/angel/sysapp.c                   0x00000000   Number         0  sys_command_hlt.o ABSOLUTE
    ../clib/angel/sysapp.c                   0x00000000   Number         0  sys_wrch.o ABSOLUTE
    ../clib/angel/sysapp.c                   0x00000000   Number         0  sys_wrch_hlt.o ABSOLUTE
    ../clib/armsys.c                         0x00000000   Number         0  argv_veneer.o ABSOLUTE
    ../clib/armsys.c                         0x00000000   Number         0  argv_veneer.o ABSOLUTE
    ../clib/armsys.c                         0x00000000   Number         0  _get_argv_nomalloc.o ABSOLUTE
    ../clib/armsys.c                         0x00000000   Number         0  no_argv.o ABSOLUTE
    ../clib/fenv.c                           0x00000000   Number         0  _rserrno.o ABSOLUTE
    ../clib/heapalloc.c                      0x00000000   Number         0  hrguard.o ABSOLUTE
    ../clib/heapaux.c                        0x00000000   Number         0  heapauxi.o ABSOLUTE
    ../clib/libinit.s                        0x00000000   Number         0  libinit.o ABSOLUTE
    ../clib/libinit.s                        0x00000000   Number         0  libinit2.o ABSOLUTE
    ../clib/libinit.s                        0x00000000   Number         0  libshutdown.o ABSOLUTE
    ../clib/libinit.s                        0x00000000   Number         0  libshutdown2.o ABSOLUTE
    ../clib/signal.c                         0x00000000   Number         0  defsig_rtmem_outer.o ABSOLUTE
    ../clib/signal.c                         0x00000000   Number         0  defsig_rtmem_formal.o ABSOLUTE
    ../clib/signal.c                         0x00000000   Number         0  defsig_exit.o ABSOLUTE
    ../clib/signal.c                         0x00000000   Number         0  defsig_rtmem_inner.o ABSOLUTE
    ../clib/signal.c                         0x00000000   Number         0  __raise.o ABSOLUTE
    ../clib/signal.c                         0x00000000   Number         0  defsig_general.o ABSOLUTE
    ../clib/signal.c                         0x00000000   Number         0  defsig_abrt_inner.o ABSOLUTE
    ../clib/signal.c                         0x00000000   Number         0  defsig_fpe_inner.o ABSOLUTE
    ../clib/signal.c                         0x00000000   Number         0  defsig_rtred_inner.o ABSOLUTE
    ../clib/signal.c                         0x00000000   Number         0  defsig_stak_inner.o ABSOLUTE
    ../clib/signal.c                         0x00000000   Number         0  defsig_pvfn_inner.o ABSOLUTE
    ../clib/signal.c                         0x00000000   Number         0  defsig_cppl_inner.o ABSOLUTE
    ../clib/signal.c                         0x00000000   Number         0  defsig_segv_inner.o ABSOLUTE
    ../clib/signal.c                         0x00000000   Number         0  defsig_other.o ABSOLUTE
    ../clib/signal.s                         0x00000000   Number         0  defsig.o ABSOLUTE
    ../clib/stdlib.c                         0x00000000   Number         0  exit.o ABSOLUTE
    ../fplib/d2f.s                           0x00000000   Number         0  d2f.o ABSOLUTE
    ../fplib/daddsub.s                       0x00000000   Number         0  daddsub_clz.o ABSOLUTE
    ../fplib/dcheck1.s                       0x00000000   Number         0  dcheck1.o ABSOLUTE
    ../fplib/dcmp.s                          0x00000000   Number         0  dcmp.o ABSOLUTE
    ../fplib/dcmpi.s                         0x00000000   Number         0  dcmpi.o ABSOLUTE
    ../fplib/ddiv.s                          0x00000000   Number         0  ddiv.o ABSOLUTE
    ../fplib/deqf.s                          0x00000000   Number         0  deqf.o ABSOLUTE
    ../fplib/dflt.s                          0x00000000   Number         0  dflt_clz.o ABSOLUTE
    ../fplib/dgeqf.s                         0x00000000   Number         0  dgeqf.o ABSOLUTE
    ../fplib/dleqf.s                         0x00000000   Number         0  dleqf.o ABSOLUTE
    ../fplib/dmul.s                          0x00000000   Number         0  dmul.o ABSOLUTE
    ../fplib/dnaninf.s                       0x00000000   Number         0  dnaninf.o ABSOLUTE
    ../fplib/dretinf.s                       0x00000000   Number         0  dretinf.o ABSOLUTE
    ../fplib/drleqf.s                        0x00000000   Number         0  drleqf.o ABSOLUTE
    ../fplib/dsqrt.s                         0x00000000   Number         0  dsqrt_noumaal.o ABSOLUTE
    ../fplib/f2d.s                           0x00000000   Number         0  f2d.o ABSOLUTE
    ../fplib/faddsub.s                       0x00000000   Number         0  faddsub_clz.o ABSOLUTE
    ../fplib/fmul.s                          0x00000000   Number         0  fmul.o ABSOLUTE
    ../fplib/fnaninf.s                       0x00000000   Number         0  fnaninf.o ABSOLUTE
    ../fplib/fpinit.s                        0x00000000   Number         0  fpinit.o ABSOLUTE
    ../fplib/fpinit_empty.s                  0x00000000   Number         0  fpinit_empty.o ABSOLUTE
    ../fplib/fretinf.s                       0x00000000   Number         0  fretinf.o ABSOLUTE
    ../fplib/retnan.s                        0x00000000   Number         0  retnan.o ABSOLUTE
    ../fplib/scalbn.s                        0x00000000   Number         0  scalbn.o ABSOLUTE
    ../fplib/trapv.s                         0x00000000   Number         0  trapv.o ABSOLUTE
    ../fplib/usenofp.s                       0x00000000   Number         0  usenofp.o ABSOLUTE
    ../mathlib/dunder.c                      0x00000000   Number         0  dunder.o ABSOLUTE
    ../mathlib/fpclassify.c                  0x00000000   Number         0  fpclassify.o ABSOLUTE
    ../mathlib/poly.c                        0x00000000   Number         0  poly.o ABSOLUTE
    ../mathlib/pow.c                         0x00000000   Number         0  pow.o ABSOLUTE
    ../mathlib/qnan.c                        0x00000000   Number         0  qnan.o ABSOLUTE
    ../mathlib/sqrt.c                        0x00000000   Number         0  sqrt.o ABSOLUTE
    RTE/Device/STM32F103C8/startup_stm32f10x_md.s 0x00000000   Number         0  startup_stm32f10x_md.o ABSOLUTE
    adxl345.c                                0x00000000   Number         0  adxl345.o ABSOLUTE
    dc.s                                     0x00000000   Number         0  dc.o ABSOLUTE
    gpio.c                                   0x00000000   Number         0  gpio.o ABSOLUTE
    i2c.c                                    0x00000000   Number         0  i2c.o ABSOLUTE
    i2c_lcd.c                                0x00000000   Number         0  i2c_lcd.o ABSOLUTE
    main.c                                   0x00000000   Number         0  main.o ABSOLUTE
    system_stm32f10x.c                       0x00000000   Number         0  system_stm32f10x.o ABSOLUTE
    systick.c                                0x00000000   Number         0  systick.o ABSOLUTE
    timer.c                                  0x00000000   Number         0  timer.o ABSOLUTE
    RESET                                    0x08000000   Section      236  startup_stm32f10x_md.o(RESET)
    !!!main                                  0x080000ec   Section        8  __main.o(!!!main)
    !!!scatter                               0x080000f4   Section       92  __scatter.o(!!!scatter)
    !!handler_copy                           0x08000150   Section       26  __scatter_copy.o(!!handler_copy)
    !!handler_null                           0x0800016c   Section        2  __scatter.o(!!handler_null)
    !!handler_zi                             0x08000170   Section       28  __scatter_zi.o(!!handler_zi)
    .ARM.Collect$$libinit$$00000000          0x0800018c   Section        2  libinit.o(.ARM.Collect$$libinit$$00000000)
    .ARM.Collect$$libinit$$00000002          0x0800018e   Section        0  libinit2.o(.ARM.Collect$$libinit$$00000002)
    .ARM.Collect$$libinit$$00000004          0x0800018e   Section        0  libinit2.o(.ARM.Collect$$libinit$$00000004)
    .ARM.Collect$$libinit$$00000006          0x0800018e   Section        0  libinit2.o(.ARM.Collect$$libinit$$00000006)
    .ARM.Collect$$libinit$$0000000C          0x0800018e   Section        0  libinit2.o(.ARM.Collect$$libinit$$0000000C)
    .ARM.Collect$$libinit$$0000000E          0x0800018e   Section        0  libinit2.o(.ARM.Collect$$libinit$$0000000E)
    .ARM.Collect$$libinit$$00000010          0x0800018e   Section        0  libinit2.o(.ARM.Collect$$libinit$$00000010)
    .ARM.Collect$$libinit$$00000013          0x0800018e   Section        0  libinit2.o(.ARM.Collect$$libinit$$00000013)
    .ARM.Collect$$libinit$$00000015          0x0800018e   Section        0  libinit2.o(.ARM.Collect$$libinit$$00000015)
    .ARM.Collect$$libinit$$00000017          0x0800018e   Section        0  libinit2.o(.ARM.Collect$$libinit$$00000017)
    .ARM.Collect$$libinit$$00000019          0x0800018e   Section        0  libinit2.o(.ARM.Collect$$libinit$$00000019)
    .ARM.Collect$$libinit$$0000001B          0x0800018e   Section        0  libinit2.o(.ARM.Collect$$libinit$$0000001B)
    .ARM.Collect$$libinit$$0000001D          0x0800018e   Section        0  libinit2.o(.ARM.Collect$$libinit$$0000001D)
    .ARM.Collect$$libinit$$0000001F          0x0800018e   Section        0  libinit2.o(.ARM.Collect$$libinit$$0000001F)
    .ARM.Collect$$libinit$$00000021          0x0800018e   Section        0  libinit2.o(.ARM.Collect$$libinit$$00000021)
    .ARM.Collect$$libinit$$00000023          0x0800018e   Section        0  libinit2.o(.ARM.Collect$$libinit$$00000023)
    .ARM.Collect$$libinit$$00000025          0x0800018e   Section        0  libinit2.o(.ARM.Collect$$libinit$$00000025)
    .ARM.Collect$$libinit$$00000027          0x0800018e   Section        0  libinit2.o(.ARM.Collect$$libinit$$00000027)
    .ARM.Collect$$libinit$$0000002E          0x0800018e   Section        0  libinit2.o(.ARM.Collect$$libinit$$0000002E)
    .ARM.Collect$$libinit$$00000030          0x0800018e   Section        0  libinit2.o(.ARM.Collect$$libinit$$00000030)
    .ARM.Collect$$libinit$$00000032          0x0800018e   Section        0  libinit2.o(.ARM.Collect$$libinit$$00000032)
    .ARM.Collect$$libinit$$00000034          0x0800018e   Section        0  libinit2.o(.ARM.Collect$$libinit$$00000034)
    .ARM.Collect$$libinit$$00000035          0x0800018e   Section        2  libinit2.o(.ARM.Collect$$libinit$$00000035)
    .ARM.Collect$$libshutdown$$00000000      0x08000190   Section        2  libshutdown.o(.ARM.Collect$$libshutdown$$00000000)
    .ARM.Collect$$libshutdown$$00000002      0x08000192   Section        0  libshutdown2.o(.ARM.Collect$$libshutdown$$00000002)
    .ARM.Collect$$libshutdown$$00000004      0x08000192   Section        0  libshutdown2.o(.ARM.Collect$$libshutdown$$00000004)
    .ARM.Collect$$libshutdown$$00000007      0x08000192   Section        0  libshutdown2.o(.ARM.Collect$$libshutdown$$00000007)
    .ARM.Collect$$libshutdown$$0000000A      0x08000192   Section        0  libshutdown2.o(.ARM.Collect$$libshutdown$$0000000A)
    .ARM.Collect$$libshutdown$$0000000C      0x08000192   Section        0  libshutdown2.o(.ARM.Collect$$libshutdown$$0000000C)
    .ARM.Collect$$libshutdown$$0000000F      0x08000192   Section        0  libshutdown2.o(.ARM.Collect$$libshutdown$$0000000F)
    .ARM.Collect$$libshutdown$$00000010      0x08000192   Section        2  libshutdown2.o(.ARM.Collect$$libshutdown$$00000010)
    .ARM.Collect$$rtentry$$00000000          0x08000194   Section        0  __rtentry.o(.ARM.Collect$$rtentry$$00000000)
    .ARM.Collect$$rtentry$$00000002          0x08000194   Section        0  __rtentry2.o(.ARM.Collect$$rtentry$$00000002)
    .ARM.Collect$$rtentry$$00000004          0x08000194   Section        6  __rtentry4.o(.ARM.Collect$$rtentry$$00000004)
    .ARM.Collect$$rtentry$$00000009          0x0800019a   Section        0  __rtentry2.o(.ARM.Collect$$rtentry$$00000009)
    .ARM.Collect$$rtentry$$0000000A          0x0800019a   Section        4  __rtentry2.o(.ARM.Collect$$rtentry$$0000000A)
    .ARM.Collect$$rtentry$$0000000C          0x0800019e   Section        0  __rtentry2.o(.ARM.Collect$$rtentry$$0000000C)
    .ARM.Collect$$rtentry$$0000000D          0x0800019e   Section        8  __rtentry2.o(.ARM.Collect$$rtentry$$0000000D)
    .ARM.Collect$$rtexit$$00000000           0x080001a6   Section        2  rtexit.o(.ARM.Collect$$rtexit$$00000000)
    .ARM.Collect$$rtexit$$00000002           0x080001a8   Section        0  rtexit2.o(.ARM.Collect$$rtexit$$00000002)
    .ARM.Collect$$rtexit$$00000003           0x080001a8   Section        4  rtexit2.o(.ARM.Collect$$rtexit$$00000003)
    .ARM.Collect$$rtexit$$00000004           0x080001ac   Section        6  rtexit2.o(.ARM.Collect$$rtexit$$00000004)
    .text                                    0x080001b4   Section       64  startup_stm32f10x_md.o(.text)
    .text                                    0x080001f4   Section        0  heapauxi.o(.text)
    .text                                    0x080001fa   Section        0  _rserrno.o(.text)
    .text                                    0x08000210   Section        8  rt_errno_addr_intlibspace.o(.text)
    .text                                    0x08000218   Section        8  libspace.o(.text)
    .text                                    0x08000220   Section       74  sys_stackheap_outer.o(.text)
    .text                                    0x0800026a   Section        0  exit.o(.text)
    .text                                    0x0800027c   Section        0  sys_exit.o(.text)
    .text                                    0x08000288   Section        2  use_no_semi.o(.text)
    .text                                    0x0800028a   Section        0  indicate_semi.o(.text)
    [Anonymous Symbol]                       0x0800028c   Section        0  adxl345.o(.text.ADXL345_Init)
    [Anonymous Symbol]                       0x080002cc   Section        0  adxl345.o(.text.ADXL345_ReadReg)
    [Anonymous Symbol]                       0x08000330   Section        0  adxl345.o(.text.ADXL345_ReadXYZ)
    [Anonymous Symbol]                       0x08000528   Section        0  adxl345.o(.text.ADXL345_WriteReg)
    [Anonymous Symbol]                       0x08000570   Section        0  main.o(.text.EXTI0_IRQHandler)
    [Anonymous Symbol]                       0x0800060c   Section        0  main.o(.text.EXTI1_IRQHandler)
    SetSysClock                              0x08000675   Thumb Code     8  system_stm32f10x.o(.text.SetSysClock)
    [Anonymous Symbol]                       0x08000674   Section        0  system_stm32f10x.o(.text.SetSysClock)
    SetSysClockTo72                          0x0800067d   Thumb Code   290  system_stm32f10x.o(.text.SetSysClockTo72)
    [Anonymous Symbol]                       0x0800067c   Section        0  system_stm32f10x.o(.text.SetSysClockTo72)
    [Anonymous Symbol]                       0x080007a0   Section        0  systick.o(.text.SysTick_Handler)
    [Anonymous Symbol]                       0x080007d0   Section        0  main.o(.text.SystemClock_Config)
    [Anonymous Symbol]                       0x080008a4   Section        0  system_stm32f10x.o(.text.SystemCoreClockUpdate)
    [Anonymous Symbol]                       0x080009c8   Section        0  system_stm32f10x.o(.text.SystemInit)
    [Anonymous Symbol]                       0x08000a30   Section        0  main.o(.text.TIM3_IRQHandler)
    [Anonymous Symbol]                       0x08000a78   Section        0  main.o(.text.TIM4_IRQHandler)
    __NVIC_EnableIRQ                         0x08000ac1   Thumb Code    48  main.o(.text.__NVIC_EnableIRQ)
    [Anonymous Symbol]                       0x08000ac0   Section        0  main.o(.text.__NVIC_EnableIRQ)
    __NVIC_EnableIRQ                         0x08000af1   Thumb Code    48  systick.o(.text.__NVIC_EnableIRQ)
    [Anonymous Symbol]                       0x08000af0   Section        0  systick.o(.text.__NVIC_EnableIRQ)
    __NVIC_EnableIRQ                         0x08000b21   Thumb Code    48  timer.o(.text.__NVIC_EnableIRQ)
    [Anonymous Symbol]                       0x08000b20   Section        0  timer.o(.text.__NVIC_EnableIRQ)
    __NVIC_SetPriority                       0x08000b51   Thumb Code    66  main.o(.text.__NVIC_SetPriority)
    [Anonymous Symbol]                       0x08000b50   Section        0  main.o(.text.__NVIC_SetPriority)
    __NVIC_SetPriority                       0x08000b95   Thumb Code    66  systick.o(.text.__NVIC_SetPriority)
    [Anonymous Symbol]                       0x08000b94   Section        0  systick.o(.text.__NVIC_SetPriority)
    __NVIC_SetPriority                       0x08000bd9   Thumb Code    66  timer.o(.text.__NVIC_SetPriority)
    [Anonymous Symbol]                       0x08000bd8   Section        0  timer.o(.text.__NVIC_SetPriority)
    [Anonymous Symbol]                       0x08000c1c   Section        0  i2c_lcd.o(.text.add_slave)
    [Anonymous Symbol]                       0x08000c3c   Section        0  systick.o(.text.delay_ms)
    [Anonymous Symbol]                       0x08000c68   Section        0  systick.o(.text.delay_us)
    [Anonymous Symbol]                       0x08000c8c   Section        0  systick.o(.text.get_tick)
    [Anonymous Symbol]                       0x08000c98   Section        0  gpio.o(.text.gpio_init)
    [Anonymous Symbol]                       0x08000dc0   Section        0  gpio.o(.text.gpio_read)
    [Anonymous Symbol]                       0x08000e50   Section        0  gpio.o(.text.gpio_write)
    [Anonymous Symbol]                       0x08000f58   Section        0  i2c.o(.text.i2c_add)
    [Anonymous Symbol]                       0x08001050   Section        0  i2c.o(.text.i2c_data)
    [Anonymous Symbol]                       0x080010f0   Section        0  i2c.o(.text.i2c_init)
    [Anonymous Symbol]                       0x080011d8   Section        0  i2c.o(.text.i2c_read)
    [Anonymous Symbol]                       0x080012a4   Section        0  i2c.o(.text.i2c_start)
    [Anonymous Symbol]                       0x08001314   Section        0  i2c.o(.text.i2c_stop)
    [Anonymous Symbol]                       0x0800135c   Section        0  main.o(.text.init_gpio)
    [Anonymous Symbol]                       0x0800141c   Section        0  i2c_lcd.o(.text.lcd_i2c_cmd)
    [Anonymous Symbol]                       0x080014c0   Section        0  i2c_lcd.o(.text.lcd_i2c_data)
    [Anonymous Symbol]                       0x08001564   Section        0  i2c_lcd.o(.text.lcd_i2c_init)
    [Anonymous Symbol]                       0x080016cc   Section        0  i2c_lcd.o(.text.lcd_i2c_msg)
    [Anonymous Symbol]                       0x08001734   Section        0  i2c_lcd.o(.text.lcd_i2c_send)
    [Anonymous Symbol]                       0x08001770   Section        0  main.o(.text.main)
    [Anonymous Symbol]                       0x080018ec   Section        0  systick.o(.text.systick_init)
    [Anonymous Symbol]                       0x08001950   Section        0  timer.o(.text.timer_init)
    [Anonymous Symbol]                       0x08001a40   Section        0  main.o(.text.toggle_LED_Green)
    [Anonymous Symbol]                       0x08001a8c   Section        0  main.o(.text.toggle_LED_Red)
    [Anonymous Symbol]                       0x08001ad8   Section        0  i2c_lcd.o(.text.trans_slave)
    i.__ARM_fpclassify                       0x08001b0e   Section        0  fpclassify.o(i.__ARM_fpclassify)
    i.__kernel_poly                          0x08001b36   Section        0  poly.o(i.__kernel_poly)
    i.__mathlib_dbl_divzero                  0x08001be0   Section        0  dunder.o(i.__mathlib_dbl_divzero)
    i.__mathlib_dbl_infnan2                  0x08001bf0   Section        0  dunder.o(i.__mathlib_dbl_infnan2)
    i.__mathlib_dbl_invalid                  0x08001bf4   Section        0  dunder.o(i.__mathlib_dbl_invalid)
    i.__mathlib_dbl_overflow                 0x08001c00   Section        0  dunder.o(i.__mathlib_dbl_overflow)
    i.__mathlib_dbl_underflow                0x08001c10   Section        0  dunder.o(i.__mathlib_dbl_underflow)
    i.pow                                    0x08001c20   Section        0  pow.o(i.pow)
    i.sqrt                                   0x0800260c   Section        0  sqrt.o(i.sqrt)
    x$fpl$d2f                                0x08002658   Section       98  d2f.o(x$fpl$d2f)
    x$fpl$dadd                               0x080026bc   Section      336  daddsub_clz.o(x$fpl$dadd)
    _dadd1                                   0x080026cd   Thumb Code     0  daddsub_clz.o(x$fpl$dadd)
    x$fpl$dcheck1                            0x0800280c   Section       16  dcheck1.o(x$fpl$dcheck1)
    x$fpl$dcmpinf                            0x0800281c   Section       24  dcmpi.o(x$fpl$dcmpinf)
    x$fpl$ddiv                               0x08002834   Section      692  ddiv.o(x$fpl$ddiv)
    ddiv_entry                               0x0800283b   Thumb Code     0  ddiv.o(x$fpl$ddiv)
    x$fpl$deqf                               0x08002ae8   Section      120  deqf.o(x$fpl$deqf)
    x$fpl$dflt                               0x08002b60   Section       46  dflt_clz.o(x$fpl$dflt)
    x$fpl$dgeqf                              0x08002b90   Section      120  dgeqf.o(x$fpl$dgeqf)
    x$fpl$dleqf                              0x08002c08   Section      120  dleqf.o(x$fpl$dleqf)
    x$fpl$dmul                               0x08002c80   Section      340  dmul.o(x$fpl$dmul)
    x$fpl$dnaninf                            0x08002dd4   Section      156  dnaninf.o(x$fpl$dnaninf)
    x$fpl$dretinf                            0x08002e70   Section       12  dretinf.o(x$fpl$dretinf)
    x$fpl$drleqf                             0x08002e7c   Section      108  drleqf.o(x$fpl$drleqf)
    x$fpl$drsb                               0x08002ee8   Section       22  daddsub_clz.o(x$fpl$drsb)
    x$fpl$dsqrt                              0x08002f00   Section      460  dsqrt_noumaal.o(x$fpl$dsqrt)
    x$fpl$dsub                               0x080030cc   Section      476  daddsub_clz.o(x$fpl$dsub)
    _dsub1                                   0x080030dd   Thumb Code     0  daddsub_clz.o(x$fpl$dsub)
    x$fpl$f2d                                0x080032a8   Section       86  f2d.o(x$fpl$f2d)
    x$fpl$fadd                               0x08003300   Section      196  faddsub_clz.o(x$fpl$fadd)
    _fadd1                                   0x0800330f   Thumb Code     0  faddsub_clz.o(x$fpl$fadd)
    x$fpl$fcmp                               0x080033c4   Section       84  dcmp.o(x$fpl$fcmp)
    x$fpl$fmul                               0x08003418   Section      258  fmul.o(x$fpl$fmul)
    x$fpl$fnaninf                            0x0800351a   Section      140  fnaninf.o(x$fpl$fnaninf)
    x$fpl$fretinf                            0x080035a6   Section       10  fretinf.o(x$fpl$fretinf)
    x$fpl$fsub                               0x080035b0   Section      234  faddsub_clz.o(x$fpl$fsub)
    _fsub1                                   0x080035bf   Thumb Code     0  faddsub_clz.o(x$fpl$fsub)
    x$fpl$retnan                             0x0800369a   Section      100  retnan.o(x$fpl$retnan)
    x$fpl$scalbn                             0x080036fe   Section       92  scalbn.o(x$fpl$scalbn)
    x$fpl$trapveneer                         0x0800375a   Section       48  trapv.o(x$fpl$trapveneer)
    x$fpl$usenofp                            0x0800378a   Section        0  usenofp.o(x$fpl$usenofp)
    bp                                       0x08003790   Data          16  pow.o(.constdata)
    .constdata                               0x08003790   Section      136  pow.o(.constdata)
    dp_h                                     0x080037a0   Data          16  pow.o(.constdata)
    dp_l                                     0x080037b0   Data          16  pow.o(.constdata)
    L                                        0x080037c0   Data          48  pow.o(.constdata)
    P                                        0x080037f0   Data          40  pow.o(.constdata)
    .constdata                               0x08003818   Section        8  qnan.o(.constdata)
    .L.str.1                                 0x08003830   Data          16  main.o(.rodata.str1.1)
    [Anonymous Symbol]                       0x08003830   Section        0  main.o(.rodata.str1.1)
    .L.str                                   0x08003840   Data          16  main.o(.rodata.str1.1)
    .bss                                     0x20000010   Section       96  libspace.o(.bss)
    Heap_Mem                                 0x20000078   Data         512  startup_stm32f10x_md.o(HEAP)
    HEAP                                     0x20000078   Section      512  startup_stm32f10x_md.o(HEAP)
    Stack_Mem                                0x20000278   Data        1024  startup_stm32f10x_md.o(STACK)
    STACK                                    0x20000278   Section     1024  startup_stm32f10x_md.o(STACK)
    __initial_sp                             0x20000678   Data           0  startup_stm32f10x_md.o(STACK)

    Global Symbols

    Symbol Name                              Value     Ov Type        Size  Object(Section)

    BuildAttributes$$THM_ISAv4$P$D$K$B$S$PE$A:L22UL41UL21$X:L11$S22US41US21$IEEE1$IW$~IW$USESV6$~STKCKD$USESV7$~SHL$OTIME$ROPI$IEEEX$EBA8$UX$STANDARDLIB$REQ8$PRES8$EABIv2 0x00000000   Number         0  anon$$obj.o ABSOLUTE
    __fp_init_empty                          0x00000000   Number         0  fpinit_empty.o ABSOLUTE
    __ARM_exceptions_init                     - Undefined Weak Reference
    __alloca_initialize                       - Undefined Weak Reference
    __arm_preinit_                            - Undefined Weak Reference
    __arm_relocate_pie_                       - Undefined Weak Reference
    __cpp_initialize__aeabi_                  - Undefined Weak Reference
    __cxa_finalize                            - Undefined Weak Reference
    __rt_locale                               - Undefined Weak Reference
    __sigvec_lookup                           - Undefined Weak Reference
    _atexit_init                              - Undefined Weak Reference
    _call_atexit_fns                          - Undefined Weak Reference
    _clock_init                               - Undefined Weak Reference
    _fp_trap_init                             - Undefined Weak Reference
    _fp_trap_shutdown                         - Undefined Weak Reference
    _get_lc_collate                           - Undefined Weak Reference
    _get_lc_ctype                             - Undefined Weak Reference
    _get_lc_monetary                          - Undefined Weak Reference
    _get_lc_numeric                           - Undefined Weak Reference
    _get_lc_time                              - Undefined Weak Reference
    _getenv_init                              - Undefined Weak Reference
    _handle_redirection                       - Undefined Weak Reference
    _init_alloc                               - Undefined Weak Reference
    _init_user_alloc                          - Undefined Weak Reference
    _initio                                   - Undefined Weak Reference
    _rand_init                                - Undefined Weak Reference
    _signal_finish                            - Undefined Weak Reference
    _signal_init                              - Undefined Weak Reference
    _terminate_alloc                          - Undefined Weak Reference
    _terminate_user_alloc                     - Undefined Weak Reference
    _terminateio                              - Undefined Weak Reference
    __Vectors_Size                           0x000000ec   Number         0  startup_stm32f10x_md.o ABSOLUTE
    __Vectors                                0x08000000   Data           4  startup_stm32f10x_md.o(RESET)
    __Vectors_End                            0x080000ec   Data           0  startup_stm32f10x_md.o(RESET)
    __main                                   0x080000ed   Thumb Code     8  __main.o(!!!main)
    __scatterload                            0x080000f5   Thumb Code     0  __scatter.o(!!!scatter)
    __scatterload_rt2                        0x080000f5   Thumb Code    84  __scatter.o(!!!scatter)
    __scatterload_rt2_thumb_only             0x080000f5   Thumb Code     0  __scatter.o(!!!scatter)
    __scatterload_loop                       0x080000ff   Thumb Code     0  __scatter.o(!!!scatter)
    __scatterload_copy                       0x08000151   Thumb Code    26  __scatter_copy.o(!!handler_copy)
    __scatterload_null                       0x0800016d   Thumb Code     2  __scatter.o(!!handler_null)
    __scatterload_zeroinit                   0x08000171   Thumb Code    28  __scatter_zi.o(!!handler_zi)
    __rt_lib_init                            0x0800018d   Thumb Code     0  libinit.o(.ARM.Collect$$libinit$$00000000)
    __rt_lib_init_alloca_1                   0x0800018f   Thumb Code     0  libinit2.o(.ARM.Collect$$libinit$$00000030)
    __rt_lib_init_argv_1                     0x0800018f   Thumb Code     0  libinit2.o(.ARM.Collect$$libinit$$0000002E)
    __rt_lib_init_atexit_1                   0x0800018f   Thumb Code     0  libinit2.o(.ARM.Collect$$libinit$$0000001D)
    __rt_lib_init_clock_1                    0x0800018f   Thumb Code     0  libinit2.o(.ARM.Collect$$libinit$$00000023)
    __rt_lib_init_cpp_1                      0x0800018f   Thumb Code     0  libinit2.o(.ARM.Collect$$libinit$$00000034)
    __rt_lib_init_exceptions_1               0x0800018f   Thumb Code     0  libinit2.o(.ARM.Collect$$libinit$$00000032)
    __rt_lib_init_fp_1                       0x0800018f   Thumb Code     0  libinit2.o(.ARM.Collect$$libinit$$00000002)
    __rt_lib_init_fp_trap_1                  0x0800018f   Thumb Code     0  libinit2.o(.ARM.Collect$$libinit$$00000021)
    __rt_lib_init_getenv_1                   0x0800018f   Thumb Code     0  libinit2.o(.ARM.Collect$$libinit$$00000025)
    __rt_lib_init_heap_1                     0x0800018f   Thumb Code     0  libinit2.o(.ARM.Collect$$libinit$$0000000C)
    __rt_lib_init_lc_collate_1               0x0800018f   Thumb Code     0  libinit2.o(.ARM.Collect$$libinit$$00000013)
    __rt_lib_init_lc_ctype_1                 0x0800018f   Thumb Code     0  libinit2.o(.ARM.Collect$$libinit$$00000015)
    __rt_lib_init_lc_monetary_1              0x0800018f   Thumb Code     0  libinit2.o(.ARM.Collect$$libinit$$00000017)
    __rt_lib_init_lc_numeric_1               0x0800018f   Thumb Code     0  libinit2.o(.ARM.Collect$$libinit$$00000019)
    __rt_lib_init_lc_time_1                  0x0800018f   Thumb Code     0  libinit2.o(.ARM.Collect$$libinit$$0000001B)
    __rt_lib_init_preinit_1                  0x0800018f   Thumb Code     0  libinit2.o(.ARM.Collect$$libinit$$00000006)
    __rt_lib_init_rand_1                     0x0800018f   Thumb Code     0  libinit2.o(.ARM.Collect$$libinit$$00000010)
    __rt_lib_init_relocate_pie_1             0x0800018f   Thumb Code     0  libinit2.o(.ARM.Collect$$libinit$$00000004)
    __rt_lib_init_return                     0x0800018f   Thumb Code     0  libinit2.o(.ARM.Collect$$libinit$$00000035)
    __rt_lib_init_signal_1                   0x0800018f   Thumb Code     0  libinit2.o(.ARM.Collect$$libinit$$0000001F)
    __rt_lib_init_stdio_1                    0x0800018f   Thumb Code     0  libinit2.o(.ARM.Collect$$libinit$$00000027)
    __rt_lib_init_user_alloc_1               0x0800018f   Thumb Code     0  libinit2.o(.ARM.Collect$$libinit$$0000000E)
    __rt_lib_shutdown                        0x08000191   Thumb Code     0  libshutdown.o(.ARM.Collect$$libshutdown$$00000000)
    __rt_lib_shutdown_cpp_1                  0x08000193   Thumb Code     0  libshutdown2.o(.ARM.Collect$$libshutdown$$00000002)
    __rt_lib_shutdown_fp_trap_1              0x08000193   Thumb Code     0  libshutdown2.o(.ARM.Collect$$libshutdown$$00000007)
    __rt_lib_shutdown_heap_1                 0x08000193   Thumb Code     0  libshutdown2.o(.ARM.Collect$$libshutdown$$0000000F)
    __rt_lib_shutdown_return                 0x08000193   Thumb Code     0  libshutdown2.o(.ARM.Collect$$libshutdown$$00000010)
    __rt_lib_shutdown_signal_1               0x08000193   Thumb Code     0  libshutdown2.o(.ARM.Collect$$libshutdown$$0000000A)
    __rt_lib_shutdown_stdio_1                0x08000193   Thumb Code     0  libshutdown2.o(.ARM.Collect$$libshutdown$$00000004)
    __rt_lib_shutdown_user_alloc_1           0x08000193   Thumb Code     0  libshutdown2.o(.ARM.Collect$$libshutdown$$0000000C)
    __rt_entry                               0x08000195   Thumb Code     0  __rtentry.o(.ARM.Collect$$rtentry$$00000000)
    __rt_entry_presh_1                       0x08000195   Thumb Code     0  __rtentry2.o(.ARM.Collect$$rtentry$$00000002)
    __rt_entry_sh                            0x08000195   Thumb Code     0  __rtentry4.o(.ARM.Collect$$rtentry$$00000004)
    __rt_entry_li                            0x0800019b   Thumb Code     0  __rtentry2.o(.ARM.Collect$$rtentry$$0000000A)
    __rt_entry_postsh_1                      0x0800019b   Thumb Code     0  __rtentry2.o(.ARM.Collect$$rtentry$$00000009)
    __rt_entry_main                          0x0800019f   Thumb Code     0  __rtentry2.o(.ARM.Collect$$rtentry$$0000000D)
    __rt_entry_postli_1                      0x0800019f   Thumb Code     0  __rtentry2.o(.ARM.Collect$$rtentry$$0000000C)
    __rt_exit                                0x080001a7   Thumb Code     0  rtexit.o(.ARM.Collect$$rtexit$$00000000)
    __rt_exit_ls                             0x080001a9   Thumb Code     0  rtexit2.o(.ARM.Collect$$rtexit$$00000003)
    __rt_exit_prels_1                        0x080001a9   Thumb Code     0  rtexit2.o(.ARM.Collect$$rtexit$$00000002)
    __rt_exit_exit                           0x080001ad   Thumb Code     0  rtexit2.o(.ARM.Collect$$rtexit$$00000004)
    Reset_Handler                            0x080001b5   Thumb Code     8  startup_stm32f10x_md.o(.text)
    NMI_Handler                              0x080001bd   Thumb Code     2  startup_stm32f10x_md.o(.text)
    HardFault_Handler                        0x080001bf   Thumb Code     2  startup_stm32f10x_md.o(.text)
    MemManage_Handler                        0x080001c1   Thumb Code     2  startup_stm32f10x_md.o(.text)
    BusFault_Handler                         0x080001c3   Thumb Code     2  startup_stm32f10x_md.o(.text)
    UsageFault_Handler                       0x080001c5   Thumb Code     2  startup_stm32f10x_md.o(.text)
    SVC_Handler                              0x080001c7   Thumb Code     2  startup_stm32f10x_md.o(.text)
    DebugMon_Handler                         0x080001c9   Thumb Code     2  startup_stm32f10x_md.o(.text)
    PendSV_Handler                           0x080001cb   Thumb Code     2  startup_stm32f10x_md.o(.text)
    ADC1_2_IRQHandler                        0x080001cf   Thumb Code     0  startup_stm32f10x_md.o(.text)
    CAN1_RX1_IRQHandler                      0x080001cf   Thumb Code     0  startup_stm32f10x_md.o(.text)
    CAN1_SCE_IRQHandler                      0x080001cf   Thumb Code     0  startup_stm32f10x_md.o(.text)
    DMA1_Channel1_IRQHandler                 0x080001cf   Thumb Code     0  startup_stm32f10x_md.o(.text)
    DMA1_Channel2_IRQHandler                 0x080001cf   Thumb Code     0  startup_stm32f10x_md.o(.text)
    DMA1_Channel3_IRQHandler                 0x080001cf   Thumb Code     0  startup_stm32f10x_md.o(.text)
    DMA1_Channel4_IRQHandler                 0x080001cf   Thumb Code     0  startup_stm32f10x_md.o(.text)
    DMA1_Channel5_IRQHandler                 0x080001cf   Thumb Code     0  startup_stm32f10x_md.o(.text)
    DMA1_Channel6_IRQHandler                 0x080001cf   Thumb Code     0  startup_stm32f10x_md.o(.text)
    DMA1_Channel7_IRQHandler                 0x080001cf   Thumb Code     0  startup_stm32f10x_md.o(.text)
    EXTI15_10_IRQHandler                     0x080001cf   Thumb Code     0  startup_stm32f10x_md.o(.text)
    EXTI2_IRQHandler                         0x080001cf   Thumb Code     0  startup_stm32f10x_md.o(.text)
    EXTI3_IRQHandler                         0x080001cf   Thumb Code     0  startup_stm32f10x_md.o(.text)
    EXTI4_IRQHandler                         0x080001cf   Thumb Code     0  startup_stm32f10x_md.o(.text)
    EXTI9_5_IRQHandler                       0x080001cf   Thumb Code     0  startup_stm32f10x_md.o(.text)
    FLASH_IRQHandler                         0x080001cf   Thumb Code     0  startup_stm32f10x_md.o(.text)
    I2C1_ER_IRQHandler                       0x080001cf   Thumb Code     0  startup_stm32f10x_md.o(.text)
    I2C1_EV_IRQHandler                       0x080001cf   Thumb Code     0  startup_stm32f10x_md.o(.text)
    I2C2_ER_IRQHandler                       0x080001cf   Thumb Code     0  startup_stm32f10x_md.o(.text)
    I2C2_EV_IRQHandler                       0x080001cf   Thumb Code     0  startup_stm32f10x_md.o(.text)
    PVD_IRQHandler                           0x080001cf   Thumb Code     0  startup_stm32f10x_md.o(.text)
    RCC_IRQHandler                           0x080001cf   Thumb Code     0  startup_stm32f10x_md.o(.text)
    RTCAlarm_IRQHandler                      0x080001cf   Thumb Code     0  startup_stm32f10x_md.o(.text)
    RTC_IRQHandler                           0x080001cf   Thumb Code     0  startup_stm32f10x_md.o(.text)
    SPI1_IRQHandler                          0x080001cf   Thumb Code     0  startup_stm32f10x_md.o(.text)
    SPI2_IRQHandler                          0x080001cf   Thumb Code     0  startup_stm32f10x_md.o(.text)
    TAMPER_IRQHandler                        0x080001cf   Thumb Code     0  startup_stm32f10x_md.o(.text)
    TIM1_BRK_IRQHandler                      0x080001cf   Thumb Code     0  startup_stm32f10x_md.o(.text)
    TIM1_CC_IRQHandler                       0x080001cf   Thumb Code     0  startup_stm32f10x_md.o(.text)
    TIM1_TRG_COM_IRQHandler                  0x080001cf   Thumb Code     0  startup_stm32f10x_md.o(.text)
    TIM1_UP_IRQHandler                       0x080001cf   Thumb Code     0  startup_stm32f10x_md.o(.text)
    TIM2_IRQHandler                          0x080001cf   Thumb Code     0  startup_stm32f10x_md.o(.text)
    USART1_IRQHandler                        0x080001cf   Thumb Code     0  startup_stm32f10x_md.o(.text)
    USART2_IRQHandler                        0x080001cf   Thumb Code     0  startup_stm32f10x_md.o(.text)
    USART3_IRQHandler                        0x080001cf   Thumb Code     0  startup_stm32f10x_md.o(.text)
    USBWakeUp_IRQHandler                     0x080001cf   Thumb Code     0  startup_stm32f10x_md.o(.text)
    USB_HP_CAN1_TX_IRQHandler                0x080001cf   Thumb Code     0  startup_stm32f10x_md.o(.text)
    USB_LP_CAN1_RX0_IRQHandler               0x080001cf   Thumb Code     0  startup_stm32f10x_md.o(.text)
    WWDG_IRQHandler                          0x080001cf   Thumb Code     0  startup_stm32f10x_md.o(.text)
    __user_initial_stackheap                 0x080001d1   Thumb Code     0  startup_stm32f10x_md.o(.text)
    __use_two_region_memory                  0x080001f5   Thumb Code     2  heapauxi.o(.text)
    __rt_heap_escrow$2region                 0x080001f7   Thumb Code     2  heapauxi.o(.text)
    __rt_heap_expand$2region                 0x080001f9   Thumb Code     2  heapauxi.o(.text)
    __read_errno                             0x080001fb   Thumb Code    10  _rserrno.o(.text)
    __set_errno                              0x08000205   Thumb Code    12  _rserrno.o(.text)
    __aeabi_errno_addr                       0x08000211   Thumb Code     8  rt_errno_addr_intlibspace.o(.text)
    __errno$intlibspace                      0x08000211   Thumb Code     0  rt_errno_addr_intlibspace.o(.text)
    __rt_errno_addr$intlibspace              0x08000211   Thumb Code     0  rt_errno_addr_intlibspace.o(.text)
    __user_libspace                          0x08000219   Thumb Code     8  libspace.o(.text)
    __user_perproc_libspace                  0x08000219   Thumb Code     0  libspace.o(.text)
    __user_perthread_libspace                0x08000219   Thumb Code     0  libspace.o(.text)
    __user_setup_stackheap                   0x08000221   Thumb Code    74  sys_stackheap_outer.o(.text)
    exit                                     0x0800026b   Thumb Code    18  exit.o(.text)
    _sys_exit                                0x0800027d   Thumb Code     8  sys_exit.o(.text)
    __I$use$semihosting                      0x08000289   Thumb Code     0  use_no_semi.o(.text)
    __use_no_semihosting_swi                 0x08000289   Thumb Code     2  use_no_semi.o(.text)
    __semihosting_library_function           0x0800028b   Thumb Code     0  indicate_semi.o(.text)
    ADXL345_Init                             0x0800028d   Thumb Code    62  adxl345.o(.text.ADXL345_Init)
    ADXL345_ReadReg                          0x080002cd   Thumb Code    98  adxl345.o(.text.ADXL345_ReadReg)
    ADXL345_ReadXYZ                          0x08000331   Thumb Code   502  adxl345.o(.text.ADXL345_ReadXYZ)
    ADXL345_WriteReg                         0x08000529   Thumb Code    72  adxl345.o(.text.ADXL345_WriteReg)
    EXTI0_IRQHandler                         0x08000571   Thumb Code   154  main.o(.text.EXTI0_IRQHandler)
    EXTI1_IRQHandler                         0x0800060d   Thumb Code   102  main.o(.text.EXTI1_IRQHandler)
    SysTick_Handler                          0x080007a1   Thumb Code    46  systick.o(.text.SysTick_Handler)
    SystemClock_Config                       0x080007d1   Thumb Code   210  main.o(.text.SystemClock_Config)
    SystemCoreClockUpdate                    0x080008a5   Thumb Code   290  system_stm32f10x.o(.text.SystemCoreClockUpdate)
    SystemInit                               0x080009c9   Thumb Code   102  system_stm32f10x.o(.text.SystemInit)
    TIM3_IRQHandler                          0x08000a31   Thumb Code    72  main.o(.text.TIM3_IRQHandler)
    TIM4_IRQHandler                          0x08000a79   Thumb Code    72  main.o(.text.TIM4_IRQHandler)
    add_slave                                0x08000c1d   Thumb Code    30  i2c_lcd.o(.text.add_slave)
    delay_ms                                 0x08000c3d   Thumb Code    42  systick.o(.text.delay_ms)
    delay_us                                 0x08000c69   Thumb Code    36  systick.o(.text.delay_us)
    get_tick                                 0x08000c8d   Thumb Code    12  systick.o(.text.get_tick)
    gpio_init                                0x08000c99   Thumb Code   296  gpio.o(.text.gpio_init)
    gpio_read                                0x08000dc1   Thumb Code   144  gpio.o(.text.gpio_read)
    gpio_write                               0x08000e51   Thumb Code   264  gpio.o(.text.gpio_write)
    i2c_add                                  0x08000f59   Thumb Code   246  i2c.o(.text.i2c_add)
    i2c_data                                 0x08001051   Thumb Code   158  i2c.o(.text.i2c_data)
    i2c_init                                 0x080010f1   Thumb Code   232  i2c.o(.text.i2c_init)
    i2c_read                                 0x080011d9   Thumb Code   204  i2c.o(.text.i2c_read)
    i2c_start                                0x080012a5   Thumb Code   110  i2c.o(.text.i2c_start)
    i2c_stop                                 0x08001315   Thumb Code    70  i2c.o(.text.i2c_stop)
    init_gpio                                0x0800135d   Thumb Code   192  main.o(.text.init_gpio)
    lcd_i2c_cmd                              0x0800141d   Thumb Code   162  i2c_lcd.o(.text.lcd_i2c_cmd)
    lcd_i2c_data                             0x080014c1   Thumb Code   162  i2c_lcd.o(.text.lcd_i2c_data)
    lcd_i2c_init                             0x08001565   Thumb Code   358  i2c_lcd.o(.text.lcd_i2c_init)
    lcd_i2c_msg                              0x080016cd   Thumb Code   102  i2c_lcd.o(.text.lcd_i2c_msg)
    lcd_i2c_send                             0x08001735   Thumb Code    58  i2c_lcd.o(.text.lcd_i2c_send)
    main                                     0x08001771   Thumb Code   378  main.o(.text.main)
    systick_init                             0x080018ed   Thumb Code    98  systick.o(.text.systick_init)
    timer_init                               0x08001951   Thumb Code   238  timer.o(.text.timer_init)
    toggle_LED_Green                         0x08001a41   Thumb Code    74  main.o(.text.toggle_LED_Green)
    toggle_LED_Red                           0x08001a8d   Thumb Code    74  main.o(.text.toggle_LED_Red)
    trans_slave                              0x08001ad9   Thumb Code    54  i2c_lcd.o(.text.trans_slave)
    __ARM_fpclassify                         0x08001b0f   Thumb Code    40  fpclassify.o(i.__ARM_fpclassify)
    __kernel_poly                            0x08001b37   Thumb Code   170  poly.o(i.__kernel_poly)
    __mathlib_dbl_divzero                    0x08001be1   Thumb Code    12  dunder.o(i.__mathlib_dbl_divzero)
    __mathlib_dbl_infnan2                    0x08001bf1   Thumb Code     4  dunder.o(i.__mathlib_dbl_infnan2)
    __mathlib_dbl_invalid                    0x08001bf5   Thumb Code    12  dunder.o(i.__mathlib_dbl_invalid)
    __mathlib_dbl_overflow                   0x08001c01   Thumb Code    14  dunder.o(i.__mathlib_dbl_overflow)
    __mathlib_dbl_underflow                  0x08001c11   Thumb Code    10  dunder.o(i.__mathlib_dbl_underflow)
    pow                                      0x08001c21   Thumb Code  2532  pow.o(i.pow)
    sqrt                                     0x0800260d   Thumb Code    76  sqrt.o(i.sqrt)
    __aeabi_d2f                              0x08002659   Thumb Code     0  d2f.o(x$fpl$d2f)
    _d2f                                     0x08002659   Thumb Code    98  d2f.o(x$fpl$d2f)
    __aeabi_dadd                             0x080026bd   Thumb Code     0  daddsub_clz.o(x$fpl$dadd)
    _dadd                                    0x080026bd   Thumb Code   332  daddsub_clz.o(x$fpl$dadd)
    __fpl_dcheck_NaN1                        0x0800280d   Thumb Code    10  dcheck1.o(x$fpl$dcheck1)
    __fpl_dcmp_Inf                           0x0800281d   Thumb Code    24  dcmpi.o(x$fpl$dcmpinf)
    __aeabi_ddiv                             0x08002835   Thumb Code     0  ddiv.o(x$fpl$ddiv)
    _ddiv                                    0x08002835   Thumb Code   556  ddiv.o(x$fpl$ddiv)
    __aeabi_cdcmpeq                          0x08002ae9   Thumb Code     0  deqf.o(x$fpl$deqf)
    _dcmpeq                                  0x08002ae9   Thumb Code   120  deqf.o(x$fpl$deqf)
    __aeabi_i2d                              0x08002b61   Thumb Code     0  dflt_clz.o(x$fpl$dflt)
    _dflt                                    0x08002b61   Thumb Code    46  dflt_clz.o(x$fpl$dflt)
    __aeabi_cdcmpge                          0x08002b91   Thumb Code     0  dgeqf.o(x$fpl$dgeqf)
    _dcmpge                                  0x08002b91   Thumb Code   120  dgeqf.o(x$fpl$dgeqf)
    __aeabi_cdcmple                          0x08002c09   Thumb Code     0  dleqf.o(x$fpl$dleqf)
    _dcmple                                  0x08002c09   Thumb Code   120  dleqf.o(x$fpl$dleqf)
    __fpl_dcmple_InfNaN                      0x08002c6b   Thumb Code     0  dleqf.o(x$fpl$dleqf)
    __aeabi_dmul                             0x08002c81   Thumb Code     0  dmul.o(x$fpl$dmul)
    _dmul                                    0x08002c81   Thumb Code   332  dmul.o(x$fpl$dmul)
    __fpl_dnaninf                            0x08002dd5   Thumb Code   156  dnaninf.o(x$fpl$dnaninf)
    __fpl_dretinf                            0x08002e71   Thumb Code    12  dretinf.o(x$fpl$dretinf)
    __aeabi_cdrcmple                         0x08002e7d   Thumb Code     0  drleqf.o(x$fpl$drleqf)
    _drcmple                                 0x08002e7d   Thumb Code   108  drleqf.o(x$fpl$drleqf)
    __aeabi_drsub                            0x08002ee9   Thumb Code     0  daddsub_clz.o(x$fpl$drsb)
    _drsb                                    0x08002ee9   Thumb Code    22  daddsub_clz.o(x$fpl$drsb)
    _dsqrt                                   0x08002f01   Thumb Code   456  dsqrt_noumaal.o(x$fpl$dsqrt)
    __aeabi_dsub                             0x080030cd   Thumb Code     0  daddsub_clz.o(x$fpl$dsub)
    _dsub                                    0x080030cd   Thumb Code   472  daddsub_clz.o(x$fpl$dsub)
    __aeabi_f2d                              0x080032a9   Thumb Code     0  f2d.o(x$fpl$f2d)
    _f2d                                     0x080032a9   Thumb Code    86  f2d.o(x$fpl$f2d)
    __aeabi_fadd                             0x08003301   Thumb Code     0  faddsub_clz.o(x$fpl$fadd)
    _fadd                                    0x08003301   Thumb Code   196  faddsub_clz.o(x$fpl$fadd)
    __aeabi_dcmpeq                           0x080033c5   Thumb Code     0  dcmp.o(x$fpl$fcmp)
    _deq                                     0x080033c5   Thumb Code    14  dcmp.o(x$fpl$fcmp)
    _dneq                                    0x080033d3   Thumb Code    14  dcmp.o(x$fpl$fcmp)
    __aeabi_dcmpgt                           0x080033e1   Thumb Code     0  dcmp.o(x$fpl$fcmp)
    _dgr                                     0x080033e1   Thumb Code    14  dcmp.o(x$fpl$fcmp)
    __aeabi_dcmpge                           0x080033ef   Thumb Code     0  dcmp.o(x$fpl$fcmp)
    _dgeq                                    0x080033ef   Thumb Code    14  dcmp.o(x$fpl$fcmp)
    __aeabi_dcmple                           0x080033fd   Thumb Code     0  dcmp.o(x$fpl$fcmp)
    _dleq                                    0x080033fd   Thumb Code    14  dcmp.o(x$fpl$fcmp)
    __aeabi_dcmplt                           0x0800340b   Thumb Code     0  dcmp.o(x$fpl$fcmp)
    _dls                                     0x0800340b   Thumb Code    14  dcmp.o(x$fpl$fcmp)
    __aeabi_fmul                             0x08003419   Thumb Code     0  fmul.o(x$fpl$fmul)
    _fmul                                    0x08003419   Thumb Code   258  fmul.o(x$fpl$fmul)
    __fpl_fnaninf                            0x0800351b   Thumb Code   140  fnaninf.o(x$fpl$fnaninf)
    __fpl_fretinf                            0x080035a7   Thumb Code    10  fretinf.o(x$fpl$fretinf)
    __aeabi_fsub                             0x080035b1   Thumb Code     0  faddsub_clz.o(x$fpl$fsub)
    _fsub                                    0x080035b1   Thumb Code   234  faddsub_clz.o(x$fpl$fsub)
    __fpl_return_NaN                         0x0800369b   Thumb Code   100  retnan.o(x$fpl$retnan)
    __ARM_scalbn                             0x080036ff   Thumb Code    92  scalbn.o(x$fpl$scalbn)
    __fpl_cmpreturn                          0x0800375b   Thumb Code    48  trapv.o(x$fpl$trapveneer)
    __I$use$fp                               0x0800378a   Number         0  usenofp.o(x$fpl$usenofp)
    __mathlib_zero                           0x08003818   Data           8  qnan.o(.constdata)
    AHBPrescTable                            0x08003820   Data          16  system_stm32f10x.o(.rodata.AHBPrescTable)
    Region$$Table$$Base                      0x08003850   Number         0  anon$$obj.o(Region$$Table)
    Region$$Table$$Limit                     0x08003870   Number         0  anon$$obj.o(Region$$Table)
    SystemCoreClock                          0x20000000   Data           4  system_stm32f10x.o(.data.SystemCoreClock)
    alpha                                    0x20000004   Data           4  adxl345.o(.data.alpha)
    is_LED_GREEN_on                          0x20000008   Data           1  main.o(.data.is_LED_GREEN_on)
    is_LED_RED_on                            0x20000009   Data           1  main.o(.data.is_LED_RED_on)
    trangthai                                0x2000000a   Data           1  main.o(.data.trangthai)
    __libspace_start                         0x20000010   Data          96  libspace.o(.bss)
    __temporary_stack_top$libspace           0x20000070   Data           0  libspace.o(.bss)
    nga                                      0x20000070   Data           1  main.o(.bss.nga)
    tick_count                               0x20000074   Data           4  systick.o(.bss.tick_count)



==============================================================================

Memory Map of the image

  Image Entry point : 0x080001b5

  Load Region LR_1 (Base: 0x08000000, Size: 0x0000387c, Max: 0xffffffff, ABSOLUTE)

    Execution Region ER_RO (Exec base: 0x08000000, Load base: 0x08000000, Size: 0x00003870, Max: 0xffffffff, ABSOLUTE)

    Exec Addr    Load Addr    Size         Type   Attr      Idx    E Section Name        Object

    0x08000000   0x08000000   0x000000ec   Data   RO          144    RESET               startup_stm32f10x_md.o
    0x080000ec   0x080000ec   0x00000008   Code   RO          172  * !!!main             c_w.l(__main.o)
    0x080000f4   0x080000f4   0x0000005c   Code   RO          433    !!!scatter          c_w.l(__scatter.o)
    0x08000150   0x08000150   0x0000001a   Code   RO          437    !!handler_copy      c_w.l(__scatter_copy.o)
    0x0800016a   0x0800016a   0x00000002   PAD
    0x0800016c   0x0800016c   0x00000002   Code   RO          434    !!handler_null      c_w.l(__scatter.o)
    0x0800016e   0x0800016e   0x00000002   PAD
    0x08000170   0x08000170   0x0000001c   Code   RO          439    !!handler_zi        c_w.l(__scatter_zi.o)
    0x0800018c   0x0800018c   0x00000002   Code   RO          294    .ARM.Collect$$libinit$$00000000  c_w.l(libinit.o)
    0x0800018e   0x0800018e   0x00000000   Code   RO          300    .ARM.Collect$$libinit$$00000002  c_w.l(libinit2.o)
    0x0800018e   0x0800018e   0x00000000   Code   RO          302    .ARM.Collect$$libinit$$00000004  c_w.l(libinit2.o)
    0x0800018e   0x0800018e   0x00000000   Code   RO          304    .ARM.Collect$$libinit$$00000006  c_w.l(libinit2.o)
    0x0800018e   0x0800018e   0x00000000   Code   RO          307    .ARM.Collect$$libinit$$0000000C  c_w.l(libinit2.o)
    0x0800018e   0x0800018e   0x00000000   Code   RO          309    .ARM.Collect$$libinit$$0000000E  c_w.l(libinit2.o)
    0x0800018e   0x0800018e   0x00000000   Code   RO          311    .ARM.Collect$$libinit$$00000010  c_w.l(libinit2.o)
    0x0800018e   0x0800018e   0x00000000   Code   RO          314    .ARM.Collect$$libinit$$00000013  c_w.l(libinit2.o)
    0x0800018e   0x0800018e   0x00000000   Code   RO          316    .ARM.Collect$$libinit$$00000015  c_w.l(libinit2.o)
    0x0800018e   0x0800018e   0x00000000   Code   RO          318    .ARM.Collect$$libinit$$00000017  c_w.l(libinit2.o)
    0x0800018e   0x0800018e   0x00000000   Code   RO          320    .ARM.Collect$$libinit$$00000019  c_w.l(libinit2.o)
    0x0800018e   0x0800018e   0x00000000   Code   RO          322    .ARM.Collect$$libinit$$0000001B  c_w.l(libinit2.o)
    0x0800018e   0x0800018e   0x00000000   Code   RO          324    .ARM.Collect$$libinit$$0000001D  c_w.l(libinit2.o)
    0x0800018e   0x0800018e   0x00000000   Code   RO          326    .ARM.Collect$$libinit$$0000001F  c_w.l(libinit2.o)
    0x0800018e   0x0800018e   0x00000000   Code   RO          328    .ARM.Collect$$libinit$$00000021  c_w.l(libinit2.o)
    0x0800018e   0x0800018e   0x00000000   Code   RO          330    .ARM.Collect$$libinit$$00000023  c_w.l(libinit2.o)
    0x0800018e   0x0800018e   0x00000000   Code   RO          332    .ARM.Collect$$libinit$$00000025  c_w.l(libinit2.o)
    0x0800018e   0x0800018e   0x00000000   Code   RO          334    .ARM.Collect$$libinit$$00000027  c_w.l(libinit2.o)
    0x0800018e   0x0800018e   0x00000000   Code   RO          338    .ARM.Collect$$libinit$$0000002E  c_w.l(libinit2.o)
    0x0800018e   0x0800018e   0x00000000   Code   RO          340    .ARM.Collect$$libinit$$00000030  c_w.l(libinit2.o)
    0x0800018e   0x0800018e   0x00000000   Code   RO          342    .ARM.Collect$$libinit$$00000032  c_w.l(libinit2.o)
    0x0800018e   0x0800018e   0x00000000   Code   RO          344    .ARM.Collect$$libinit$$00000034  c_w.l(libinit2.o)
    0x0800018e   0x0800018e   0x00000002   Code   RO          345    .ARM.Collect$$libinit$$00000035  c_w.l(libinit2.o)
    0x08000190   0x08000190   0x00000002   Code   RO          369    .ARM.Collect$$libshutdown$$00000000  c_w.l(libshutdown.o)
    0x08000192   0x08000192   0x00000000   Code   RO          384    .ARM.Collect$$libshutdown$$00000002  c_w.l(libshutdown2.o)
    0x08000192   0x08000192   0x00000000   Code   RO          386    .ARM.Collect$$libshutdown$$00000004  c_w.l(libshutdown2.o)
    0x08000192   0x08000192   0x00000000   Code   RO          389    .ARM.Collect$$libshutdown$$00000007  c_w.l(libshutdown2.o)
    0x08000192   0x08000192   0x00000000   Code   RO          392    .ARM.Collect$$libshutdown$$0000000A  c_w.l(libshutdown2.o)
    0x08000192   0x08000192   0x00000000   Code   RO          394    .ARM.Collect$$libshutdown$$0000000C  c_w.l(libshutdown2.o)
    0x08000192   0x08000192   0x00000000   Code   RO          397    .ARM.Collect$$libshutdown$$0000000F  c_w.l(libshutdown2.o)
    0x08000192   0x08000192   0x00000002   Code   RO          398    .ARM.Collect$$libshutdown$$00000010  c_w.l(libshutdown2.o)
    0x08000194   0x08000194   0x00000000   Code   RO          215    .ARM.Collect$$rtentry$$00000000  c_w.l(__rtentry.o)
    0x08000194   0x08000194   0x00000000   Code   RO          259    .ARM.Collect$$rtentry$$00000002  c_w.l(__rtentry2.o)
    0x08000194   0x08000194   0x00000006   Code   RO          271    .ARM.Collect$$rtentry$$00000004  c_w.l(__rtentry4.o)
    0x0800019a   0x0800019a   0x00000000   Code   RO          261    .ARM.Collect$$rtentry$$00000009  c_w.l(__rtentry2.o)
    0x0800019a   0x0800019a   0x00000004   Code   RO          262    .ARM.Collect$$rtentry$$0000000A  c_w.l(__rtentry2.o)
    0x0800019e   0x0800019e   0x00000000   Code   RO          264    .ARM.Collect$$rtentry$$0000000C  c_w.l(__rtentry2.o)
    0x0800019e   0x0800019e   0x00000008   Code   RO          265    .ARM.Collect$$rtentry$$0000000D  c_w.l(__rtentry2.o)
    0x080001a6   0x080001a6   0x00000002   Code   RO          297    .ARM.Collect$$rtexit$$00000000  c_w.l(rtexit.o)
    0x080001a8   0x080001a8   0x00000000   Code   RO          349    .ARM.Collect$$rtexit$$00000002  c_w.l(rtexit2.o)
    0x080001a8   0x080001a8   0x00000004   Code   RO          350    .ARM.Collect$$rtexit$$00000003  c_w.l(rtexit2.o)
    0x080001ac   0x080001ac   0x00000006   Code   RO          351    .ARM.Collect$$rtexit$$00000004  c_w.l(rtexit2.o)
    0x080001b2   0x080001b2   0x00000002   PAD
    0x080001b4   0x080001b4   0x00000040   Code   RO          145  * .text               startup_stm32f10x_md.o
    0x080001f4   0x080001f4   0x00000006   Code   RO          170    .text               c_w.l(heapauxi.o)
    0x080001fa   0x080001fa   0x00000016   Code   RO          216    .text               c_w.l(_rserrno.o)
    0x08000210   0x08000210   0x00000008   Code   RO          276    .text               c_w.l(rt_errno_addr_intlibspace.o)
    0x08000218   0x08000218   0x00000008   Code   RO          282    .text               c_w.l(libspace.o)
    0x08000220   0x08000220   0x0000004a   Code   RO          285    .text               c_w.l(sys_stackheap_outer.o)
    0x0800026a   0x0800026a   0x00000012   Code   RO          287    .text               c_w.l(exit.o)
    0x0800027c   0x0800027c   0x0000000c   Code   RO          359    .text               c_w.l(sys_exit.o)
    0x08000288   0x08000288   0x00000002   Code   RO          374    .text               c_w.l(use_no_semi.o)
    0x0800028a   0x0800028a   0x00000000   Code   RO          376    .text               c_w.l(indicate_semi.o)
    0x0800028a   0x0800028a   0x00000002   PAD
    0x0800028c   0x0800028c   0x0000003e   Code   RO            2    .text.ADXL345_Init  adxl345.o
    0x080002ca   0x080002ca   0x00000002   PAD
    0x080002cc   0x080002cc   0x00000062   Code   RO            8    .text.ADXL345_ReadReg  adxl345.o
    0x0800032e   0x0800032e   0x00000002   PAD
    0x08000330   0x08000330   0x000001f6   Code   RO            6    .text.ADXL345_ReadXYZ  adxl345.o
    0x08000526   0x08000526   0x00000002   PAD
    0x08000528   0x08000528   0x00000048   Code   RO            4    .text.ADXL345_WriteReg  adxl345.o
    0x08000570   0x08000570   0x0000009a   Code   RO           60    .text.EXTI0_IRQHandler  main.o
    0x0800060a   0x0800060a   0x00000002   PAD
    0x0800060c   0x0800060c   0x00000066   Code   RO           62    .text.EXTI1_IRQHandler  main.o
    0x08000672   0x08000672   0x00000002   PAD
    0x08000674   0x08000674   0x00000008   Code   RO          154    .text.SetSysClock   system_stm32f10x.o
    0x0800067c   0x0800067c   0x00000122   Code   RO          158    .text.SetSysClockTo72  system_stm32f10x.o
    0x0800079e   0x0800079e   0x00000002   PAD
    0x080007a0   0x080007a0   0x0000002e   Code   RO           87    .text.SysTick_Handler  systick.o
    0x080007ce   0x080007ce   0x00000002   PAD
    0x080007d0   0x080007d0   0x000000d2   Code   RO           52    .text.SystemClock_Config  main.o
    0x080008a2   0x080008a2   0x00000002   PAD
    0x080008a4   0x080008a4   0x00000122   Code   RO          156    .text.SystemCoreClockUpdate  system_stm32f10x.o
    0x080009c6   0x080009c6   0x00000002   PAD
    0x080009c8   0x080009c8   0x00000066   Code   RO          152    .text.SystemInit    system_stm32f10x.o
    0x08000a2e   0x08000a2e   0x00000002   PAD
    0x08000a30   0x08000a30   0x00000048   Code   RO           70    .text.TIM3_IRQHandler  main.o
    0x08000a78   0x08000a78   0x00000048   Code   RO           68    .text.TIM4_IRQHandler  main.o
    0x08000ac0   0x08000ac0   0x00000030   Code   RO           56    .text.__NVIC_EnableIRQ  main.o
    0x08000af0   0x08000af0   0x00000030   Code   RO           95    .text.__NVIC_EnableIRQ  systick.o
    0x08000b20   0x08000b20   0x00000030   Code   RO          132    .text.__NVIC_EnableIRQ  timer.o
    0x08000b50   0x08000b50   0x00000042   Code   RO           58    .text.__NVIC_SetPriority  main.o
    0x08000b92   0x08000b92   0x00000002   PAD
    0x08000b94   0x08000b94   0x00000042   Code   RO           93    .text.__NVIC_SetPriority  systick.o
    0x08000bd6   0x08000bd6   0x00000002   PAD
    0x08000bd8   0x08000bd8   0x00000042   Code   RO          134    .text.__NVIC_SetPriority  timer.o
    0x08000c1a   0x08000c1a   0x00000002   PAD
    0x08000c1c   0x08000c1c   0x0000001e   Code   RO          109    .text.add_slave     i2c_lcd.o
    0x08000c3a   0x08000c3a   0x00000002   PAD
    0x08000c3c   0x08000c3c   0x0000002a   Code   RO           99    .text.delay_ms      systick.o
    0x08000c66   0x08000c66   0x00000002   PAD
    0x08000c68   0x08000c68   0x00000024   Code   RO           97    .text.delay_us      systick.o
    0x08000c8c   0x08000c8c   0x0000000c   Code   RO           89    .text.get_tick      systick.o
    0x08000c98   0x08000c98   0x00000128   Code   RO           18    .text.gpio_init     gpio.o
    0x08000dc0   0x08000dc0   0x00000090   Code   RO           22    .text.gpio_read     gpio.o
    0x08000e50   0x08000e50   0x00000108   Code   RO           20    .text.gpio_write    gpio.o
    0x08000f58   0x08000f58   0x000000f6   Code   RO           35    .text.i2c_add       i2c.o
    0x0800104e   0x0800104e   0x00000002   PAD
    0x08001050   0x08001050   0x0000009e   Code   RO           37    .text.i2c_data      i2c.o
    0x080010ee   0x080010ee   0x00000002   PAD
    0x080010f0   0x080010f0   0x000000e8   Code   RO           31    .text.i2c_init      i2c.o
    0x080011d8   0x080011d8   0x000000cc   Code   RO           43    .text.i2c_read      i2c.o
    0x080012a4   0x080012a4   0x0000006e   Code   RO           33    .text.i2c_start     i2c.o
    0x08001312   0x08001312   0x00000002   PAD
    0x08001314   0x08001314   0x00000046   Code   RO           39    .text.i2c_stop      i2c.o
    0x0800135a   0x0800135a   0x00000002   PAD
    0x0800135c   0x0800135c   0x000000c0   Code   RO           54    .text.init_gpio     main.o
    0x0800141c   0x0800141c   0x000000a2   Code   RO          115    .text.lcd_i2c_cmd   i2c_lcd.o
    0x080014be   0x080014be   0x00000002   PAD
    0x080014c0   0x080014c0   0x000000a2   Code   RO          113    .text.lcd_i2c_data  i2c_lcd.o
    0x08001562   0x08001562   0x00000002   PAD
    0x08001564   0x08001564   0x00000166   Code   RO          117    .text.lcd_i2c_init  i2c_lcd.o
    0x080016ca   0x080016ca   0x00000002   PAD
    0x080016cc   0x080016cc   0x00000066   Code   RO          121    .text.lcd_i2c_msg   i2c_lcd.o
    0x08001732   0x08001732   0x00000002   PAD
    0x08001734   0x08001734   0x0000003a   Code   RO          119    .text.lcd_i2c_send  i2c_lcd.o
    0x0800176e   0x0800176e   0x00000002   PAD
    0x08001770   0x08001770   0x0000017a   Code   RO           72    .text.main          main.o
    0x080018ea   0x080018ea   0x00000002   PAD
    0x080018ec   0x080018ec   0x00000062   Code   RO           91    .text.systick_init  systick.o
    0x0800194e   0x0800194e   0x00000002   PAD
    0x08001950   0x08001950   0x000000ee   Code   RO          130    .text.timer_init    timer.o
    0x08001a3e   0x08001a3e   0x00000002   PAD
    0x08001a40   0x08001a40   0x0000004a   Code   RO           66    .text.toggle_LED_Green  main.o
    0x08001a8a   0x08001a8a   0x00000002   PAD
    0x08001a8c   0x08001a8c   0x0000004a   Code   RO           64    .text.toggle_LED_Red  main.o
    0x08001ad6   0x08001ad6   0x00000002   PAD
    0x08001ad8   0x08001ad8   0x00000036   Code   RO          111    .text.trans_slave   i2c_lcd.o
    0x08001b0e   0x08001b0e   0x00000028   Code   RO          253    i.__ARM_fpclassify  m_ws.l(fpclassify.o)
    0x08001b36   0x08001b36   0x000000aa   Code   RO          255    i.__kernel_poly     m_ws.l(poly.o)
    0x08001be0   0x08001be0   0x00000010   Code   RO          239    i.__mathlib_dbl_divzero  m_ws.l(dunder.o)
    0x08001bf0   0x08001bf0   0x00000004   Code   RO          241    i.__mathlib_dbl_infnan2  m_ws.l(dunder.o)
    0x08001bf4   0x08001bf4   0x0000000c   Code   RO          242    i.__mathlib_dbl_invalid  m_ws.l(dunder.o)
    0x08001c00   0x08001c00   0x0000000e   Code   RO          243    i.__mathlib_dbl_overflow  m_ws.l(dunder.o)
    0x08001c0e   0x08001c0e   0x00000002   PAD
    0x08001c10   0x08001c10   0x00000010   Code   RO          245    i.__mathlib_dbl_underflow  m_ws.l(dunder.o)
    0x08001c20   0x08001c20   0x000009ec   Code   RO          207    i.pow               m_ws.l(pow.o)
    0x0800260c   0x0800260c   0x0000004c   Code   RO          212    i.sqrt              m_ws.l(sqrt.o)
    0x08002658   0x08002658   0x00000062   Code   RO          174    x$fpl$d2f           fz_ws.l(d2f.o)
    0x080026ba   0x080026ba   0x00000002   PAD
    0x080026bc   0x080026bc   0x00000150   Code   RO          176    x$fpl$dadd          fz_ws.l(daddsub_clz.o)
    0x0800280c   0x0800280c   0x00000010   Code   RO          278    x$fpl$dcheck1       fz_ws.l(dcheck1.o)
    0x0800281c   0x0800281c   0x00000018   Code   RO          280    x$fpl$dcmpinf       fz_ws.l(dcmpi.o)
    0x08002834   0x08002834   0x000002b4   Code   RO          185    x$fpl$ddiv          fz_ws.l(ddiv.o)
    0x08002ae8   0x08002ae8   0x00000078   Code   RO          218    x$fpl$deqf          fz_ws.l(deqf.o)
    0x08002b60   0x08002b60   0x0000002e   Code   RO          189    x$fpl$dflt          fz_ws.l(dflt_clz.o)
    0x08002b8e   0x08002b8e   0x00000002   PAD
    0x08002b90   0x08002b90   0x00000078   Code   RO          220    x$fpl$dgeqf         fz_ws.l(dgeqf.o)
    0x08002c08   0x08002c08   0x00000078   Code   RO          222    x$fpl$dleqf         fz_ws.l(dleqf.o)
    0x08002c80   0x08002c80   0x00000154   Code   RO          194    x$fpl$dmul          fz_ws.l(dmul.o)
    0x08002dd4   0x08002dd4   0x0000009c   Code   RO          224    x$fpl$dnaninf       fz_ws.l(dnaninf.o)
    0x08002e70   0x08002e70   0x0000000c   Code   RO          226    x$fpl$dretinf       fz_ws.l(dretinf.o)
    0x08002e7c   0x08002e7c   0x0000006c   Code   RO          228    x$fpl$drleqf        fz_ws.l(drleqf.o)
    0x08002ee8   0x08002ee8   0x00000016   Code   RO          177    x$fpl$drsb          fz_ws.l(daddsub_clz.o)
    0x08002efe   0x08002efe   0x00000002   PAD
    0x08002f00   0x08002f00   0x000001cc   Code   RO          230    x$fpl$dsqrt         fz_ws.l(dsqrt_noumaal.o)
    0x080030cc   0x080030cc   0x000001dc   Code   RO          178    x$fpl$dsub          fz_ws.l(daddsub_clz.o)
    0x080032a8   0x080032a8   0x00000056   Code   RO          196    x$fpl$f2d           fz_ws.l(f2d.o)
    0x080032fe   0x080032fe   0x00000002   PAD
    0x08003300   0x08003300   0x000000c4   Code   RO          198    x$fpl$fadd          fz_ws.l(faddsub_clz.o)
    0x080033c4   0x080033c4   0x00000054   Code   RO          182    x$fpl$fcmp          fz_ws.l(dcmp.o)
    0x08003418   0x08003418   0x00000102   Code   RO          204    x$fpl$fmul          fz_ws.l(fmul.o)
    0x0800351a   0x0800351a   0x0000008c   Code   RO          232    x$fpl$fnaninf       fz_ws.l(fnaninf.o)
    0x080035a6   0x080035a6   0x0000000a   Code   RO          234    x$fpl$fretinf       fz_ws.l(fretinf.o)
    0x080035b0   0x080035b0   0x000000ea   Code   RO          200    x$fpl$fsub          fz_ws.l(faddsub_clz.o)
    0x0800369a   0x0800369a   0x00000064   Code   RO          295    x$fpl$retnan        fz_ws.l(retnan.o)
    0x080036fe   0x080036fe   0x0000005c   Code   RO          236    x$fpl$scalbn        fz_ws.l(scalbn.o)
    0x0800375a   0x0800375a   0x00000030   Code   RO          346    x$fpl$trapveneer    fz_ws.l(trapv.o)
    0x0800378a   0x0800378a   0x00000000   Code   RO          238    x$fpl$usenofp       fz_ws.l(usenofp.o)
    0x0800378a   0x0800378a   0x00000006   PAD
    0x08003790   0x08003790   0x00000088   Data   RO          208    .constdata          m_ws.l(pow.o)
    0x08003818   0x08003818   0x00000008   Data   RO          257    .constdata          m_ws.l(qnan.o)
    0x08003820   0x08003820   0x00000010   Data   RO          161    .rodata.AHBPrescTable  system_stm32f10x.o
    0x08003830   0x08003830   0x00000020   Data   RO           78    .rodata.str1.1      main.o
    0x08003850   0x08003850   0x00000020   Data   RO          432    Region$$Table       anon$$obj.o


    Execution Region ER_RW (Exec base: 0x20000000, Load base: 0x08003870, Size: 0x0000000c, Max: 0xffffffff, ABSOLUTE)

    Exec Addr    Load Addr    Size         Type   Attr      Idx    E Section Name        Object

    0x20000000   0x08003870   0x00000004   Data   RW          160    .data.SystemCoreClock  system_stm32f10x.o
    0x20000004   0x08003874   0x00000004   Data   RW           10    .data.alpha         adxl345.o
    0x20000008   0x08003878   0x00000001   Data   RW           75    .data.is_LED_GREEN_on  main.o
    0x20000009   0x08003879   0x00000001   Data   RW           74    .data.is_LED_RED_on  main.o
    0x2000000a   0x0800387a   0x00000001   Data   RW           76    .data.trangthai     main.o


    Execution Region ER_ZI (Exec base: 0x20000010, Load base: 0x0800387c, Size: 0x00000668, Max: 0xffffffff, ABSOLUTE)

    Exec Addr    Load Addr    Size         Type   Attr      Idx    E Section Name        Object

    0x20000010        -       0x00000060   Zero   RW          283    .bss                c_w.l(libspace.o)
    0x20000070        -       0x00000001   Zero   RW           77    .bss.nga            main.o
    0x20000071   0x0800387c   0x00000003   PAD
    0x20000074        -       0x00000004   Zero   RW          101    .bss.tick_count     systick.o
    0x20000078        -       0x00000200   Zero   RW          143    HEAP                startup_stm32f10x_md.o
    0x20000278        -       0x00000400   Zero   RW          142    STACK               startup_stm32f10x_md.o


==============================================================================

Image component sizes


      Code (inc. data)   RO Data    RW Data    ZI Data      Debug   Object Name

       734          0          0          4          0       1715   adxl345.o
       704          0          0          0          0       1846   gpio.o
      1020          0          0          0          0       2929   i2c.o
       926          0          0          0          0       1855   i2c_lcd.o
      1442          0         32          3          1       6444   main.o
        64         26        236          0       1536        804   startup_stm32f10x_md.o
       690          0         16          4          0       2834   system_stm32f10x.o
       348          0          0          0          4       4018   systick.o
       352          0          0          0          0       4246   timer.o

    ----------------------------------------------------------------------
      6338         26        316         12       1544      26691   Object Totals
         0          0         32          0          0          0   (incl. Generated)
        58          0          0          1          3          0   (incl. Padding)

    ----------------------------------------------------------------------

      Code (inc. data)   RO Data    RW Data    ZI Data      Debug   Library Member Name

         8          0          0          0          0         68   __main.o
         0          0          0          0          0          0   __rtentry.o
        12          0          0          0          0          0   __rtentry2.o
         6          0          0          0          0          0   __rtentry4.o
        94          8          0          0          0          0   __scatter.o
        26          0          0          0          0          0   __scatter_copy.o
        28          0          0          0          0          0   __scatter_zi.o
        22          0          0          0          0        100   _rserrno.o
        18          0          0          0          0         80   exit.o
         6          0          0          0          0        152   heapauxi.o
         0          0          0          0          0          0   indicate_semi.o
         2          0          0          0          0          0   libinit.o
         2          0          0          0          0          0   libinit2.o
         2          0          0          0          0          0   libshutdown.o
         2          0          0          0          0          0   libshutdown2.o
         8          4          0          0         96         68   libspace.o
         8          4          0          0          0         68   rt_errno_addr_intlibspace.o
         2          0          0          0          0          0   rtexit.o
        10          0          0          0          0          0   rtexit2.o
        12          4          0          0          0         68   sys_exit.o
        74          0          0          0          0         80   sys_stackheap_outer.o
         2          0          0          0          0         68   use_no_semi.o
        98          4          0          0          0         92   d2f.o
       834         16          0          0          0        372   daddsub_clz.o
        16          4          0          0          0         68   dcheck1.o
        84          0          0          0          0        196   dcmp.o
        24          0          0          0          0         68   dcmpi.o
       692        140          0          0          0        216   ddiv.o
       120          4          0          0          0         92   deqf.o
        46          0          0          0          0         68   dflt_clz.o
       120          4          0          0          0         92   dgeqf.o
       120          4          0          0          0         92   dleqf.o
       340         12          0          0          0        104   dmul.o
       156          4          0          0          0         92   dnaninf.o
        12          0          0          0          0         68   dretinf.o
       108          0          0          0          0         80   drleqf.o
       460         56          0          0          0        120   dsqrt_noumaal.o
        86          4          0          0          0         84   f2d.o
       430          8          0          0          0        168   faddsub_clz.o
       258          4          0          0          0         84   fmul.o
       140          4          0          0          0         84   fnaninf.o
        10          0          0          0          0         68   fretinf.o
       100          0          0          0          0         68   retnan.o
        92          0          0          0          0         68   scalbn.o
        48          0          0          0          0         68   trapv.o
         0          0          0          0          0          0   usenofp.o
        62         10          0          0          0        340   dunder.o
        40          0          0          0          0         68   fpclassify.o
       170          0          0          0          0         96   poly.o
      2540        188        136          0          0        332   pow.o
         0          0          8          0          0          0   qnan.o
        76          0          0          0          0         84   sqrt.o

    ----------------------------------------------------------------------
      7650        486        144          0         96       4184   Library Totals
        24          0          0          0          0          0   (incl. Padding)

    ----------------------------------------------------------------------

      Code (inc. data)   RO Data    RW Data    ZI Data      Debug   Library Name

       344         20          0          0         96        752   c_w.l
      4394        268          0          0          0       2512   fz_ws.l
      2888        198        144          0          0        920   m_ws.l

    ----------------------------------------------------------------------
      7650        486        144          0         96       4184   Library Totals

    ----------------------------------------------------------------------

==============================================================================


      Code (inc. data)   RO Data    RW Data    ZI Data      Debug   

     13988        512        460         12       1640      28771   Grand Totals
     13988        512        460         12       1640      28771   ELF Image Totals
     13988        512        460         12          0          0   ROM Totals

==============================================================================

    Total RO  Size (Code + RO Data)                14448 (  14.11kB)
    Total RW  Size (RW Data + ZI Data)              1652 (   1.61kB)
    Total ROM Size (Code + RO Data + RW Data)      14460 (  14.12kB)

==============================================================================

